Component: ARM Compiler 5.06 update 5 (build 528) Tool: armlink [4d35e2]

==============================================================================

Section Cross References

    gd32f30x_it.o(i.SysTick_Handler) refers to systick.o(i.delay_decrement) for delay_decrement
    main.o(i.main) refers to systick.o(i.systick_config) for systick_config
    main.o(i.main) refers to timer5_delay.o(i.Timer5_Delay_Init) for Timer5_Delay_Init
    main.o(i.main) refers to uart0.o(i.InitUART0) for InitUART0
    main.o(i.main) refers to oled.o(i.OLED_Init) for OLED_Init
    main.o(i.main) refers to led.o(i.LED_Init) for LED_Init
    main.o(i.main) refers to key.o(i.Key_Init) for Key_Init
    main.o(i.main) refers to beeper.o(i.Beeper_Init) for Beeper_Init
    main.o(i.main) refers to encoder.o(i.Encoder_Init) for Encoder_Init
    main.o(i.main) refers to max30102.o(i.max30102_init) for max30102_init
    main.o(i.main) refers to max30102_fir.o(i.max30102_fir_init) for max30102_fir_init
    main.o(i.main) refers to random.o(i.TIM4_Random_Init) for TIM4_Random_Init
    main.o(i.main) refers to w25qxx.o(i.W25QXX_Init) for W25QXX_Init
    main.o(i.main) refers to malloc.o(i.my_mem_init) for my_mem_init
    main.o(i.main) refers to hugoui_user.o(i.HugoUI_InitLayout) for HugoUI_InitLayout
    main.o(i.main) refers to exfuns.o(i.exfuns_init) for exfuns_init
    main.o(i.main) refers to printfa.o(i.__0printf) for __2printf
    main.o(i.main) refers to ff.o(i.f_mount) for f_mount
    main.o(i.main) refers to ff.o(i.f_mkfs) for f_mkfs
    main.o(i.main) refers to ff.o(i.f_setlabel) for f_setlabel
    main.o(i.main) refers to timer5_delay.o(i.delay_ms) for delay_ms
    main.o(i.main) refers to exfuns.o(i.exf_getfree) for exf_getfree
    main.o(i.main) refers to u8g2_init.o(i.u8g2Init) for u8g2Init
    main.o(i.main) refers to u8g2_font.o(i.u8g2_SetFont) for u8g2_SetFont
    main.o(i.main) refers to malloc.o(i.my_mem_perused) for my_mem_perused
    main.o(i.main) refers to filesystem.o(i.EventLoadSettingConfig) for EventLoadSettingConfig
    main.o(i.main) refers to key.o(i.Key_GetNum) for Key_GetNum
    main.o(i.main) refers to encoder.o(i.Encoder_GetNum) for Encoder_GetNum
    main.o(i.main) refers to hugo_ui.o(i.HugoUI_System) for HugoUI_System
    main.o(i.main) refers to main.o(.data) for res
    main.o(i.main) refers to exfuns.o(.bss) for fs
    main.o(i.main) refers to main.o(.bss) for u8g2
    main.o(i.main) refers to u8g2_fonts.o(.constdata) for u8g2_font_profont15_mr
    systick.o(i.delay_1ms) refers to systick.o(.data) for delay
    systick.o(i.delay_decrement) refers to systick.o(.data) for delay
    systick.o(i.systick_config) refers to systick.o(i.NVIC_SetPriority) for NVIC_SetPriority
    systick.o(i.systick_config) refers to system_gd32f30x.o(.data) for SystemCoreClock
    system_gd32f30x.o(i.SystemCoreClockUpdate) refers to system_gd32f30x.o(.data) for SystemCoreClock
    system_gd32f30x.o(i.SystemInit) refers to system_gd32f30x.o(i.system_clock_config) for system_clock_config
    system_gd32f30x.o(i.system_clock_config) refers to system_gd32f30x.o(i.system_clock_120m_hxtal) for system_clock_120m_hxtal
    gd32f30x_adc.o(i.adc_deinit) refers to gd32f30x_rcu.o(i.rcu_periph_reset_enable) for rcu_periph_reset_enable
    gd32f30x_adc.o(i.adc_deinit) refers to gd32f30x_rcu.o(i.rcu_periph_reset_disable) for rcu_periph_reset_disable
    gd32f30x_bkp.o(i.bkp_deinit) refers to gd32f30x_rcu.o(i.rcu_bkp_reset_enable) for rcu_bkp_reset_enable
    gd32f30x_bkp.o(i.bkp_deinit) refers to gd32f30x_rcu.o(i.rcu_bkp_reset_disable) for rcu_bkp_reset_disable
    gd32f30x_can.o(i.can_debug_freeze_disable) refers to gd32f30x_dbg.o(i.dbg_periph_enable) for dbg_periph_enable
    gd32f30x_can.o(i.can_debug_freeze_enable) refers to gd32f30x_dbg.o(i.dbg_periph_enable) for dbg_periph_enable
    gd32f30x_can.o(i.can_deinit) refers to gd32f30x_rcu.o(i.rcu_periph_reset_enable) for rcu_periph_reset_enable
    gd32f30x_can.o(i.can_deinit) refers to gd32f30x_rcu.o(i.rcu_periph_reset_disable) for rcu_periph_reset_disable
    gd32f30x_can.o(i.can_interrupt_flag_get) refers to gd32f30x_can.o(i.can_receive_message_length_get) for can_receive_message_length_get
    gd32f30x_can.o(i.can_interrupt_flag_get) refers to gd32f30x_can.o(i.can_error_get) for can_error_get
    gd32f30x_ctc.o(i.ctc_deinit) refers to gd32f30x_rcu.o(i.rcu_periph_reset_enable) for rcu_periph_reset_enable
    gd32f30x_ctc.o(i.ctc_deinit) refers to gd32f30x_rcu.o(i.rcu_periph_reset_disable) for rcu_periph_reset_disable
    gd32f30x_dac.o(i.dac_deinit) refers to gd32f30x_rcu.o(i.rcu_periph_reset_enable) for rcu_periph_reset_enable
    gd32f30x_dac.o(i.dac_deinit) refers to gd32f30x_rcu.o(i.rcu_periph_reset_disable) for rcu_periph_reset_disable
    gd32f30x_dma.o(i.dma_channel_disable) refers to gd32f30x_dma.o(i.dma_periph_and_channel_check) for dma_periph_and_channel_check
[...]
    memtblsize                               0x08015280   Data          12  malloc.o(.constdata)
    memblksize                               0x0801528c   Data          12  malloc.o(.constdata)
    memsize                                  0x08015298   Data          12  malloc.o(.constdata)
    arm_cfft_sR_f32_len16                    0x080156a0   Data          16  max30102_fir.o(.constdata)
    arm_cfft_sR_f32_len32                    0x080156b0   Data          16  max30102_fir.o(.constdata)
    arm_cfft_sR_f32_len64                    0x080156c0   Data          16  max30102_fir.o(.constdata)
    arm_cfft_sR_f32_len128                   0x080156d0   Data          16  max30102_fir.o(.constdata)
    arm_cfft_sR_f32_len256                   0x080156e0   Data          16  max30102_fir.o(.constdata)
    arm_cfft_sR_f32_len512                   0x080156f0   Data          16  max30102_fir.o(.constdata)
    arm_cfft_sR_f32_len1024                  0x08015700   Data          16  max30102_fir.o(.constdata)
    arm_cfft_sR_f32_len2048                  0x08015710   Data          16  max30102_fir.o(.constdata)
    arm_cfft_sR_f32_len4096                  0x08015720   Data          16  max30102_fir.o(.constdata)
    firCoeffs32LP                            0x08015730   Data         116  max30102_fir.o(.constdata)
    auw_hamm                                 0x080157a4   Data          62  algorithm.o(.constdata)
    uch_spo2_table                           0x080157e2   Data         184  algorithm.o(.constdata)
    twiddleCoef_16                           0x0801589c   Data         128  arm_common_tables.o(.constdata)
    twiddleCoef_32                           0x0801591c   Data         256  arm_common_tables.o(.constdata)
    twiddleCoef_64                           0x08015a1c   Data         512  arm_common_tables.o(.constdata)
    twiddleCoef_128                          0x08015c1c   Data        1024  arm_common_tables.o(.constdata)
    twiddleCoef_256                          0x0801601c   Data        2048  arm_common_tables.o(.constdata)
    twiddleCoef_512                          0x0801681c   Data        4096  arm_common_tables.o(.constdata)
    twiddleCoef_1024                         0x0801781c   Data        8192  arm_common_tables.o(.constdata)
    twiddleCoef_2048                         0x0801981c   Data       16384  arm_common_tables.o(.constdata)
    twiddleCoef_4096                         0x0801d81c   Data       32768  arm_common_tables.o(.constdata)
    armBitRevIndexTable16                    0x0802581c   Data          40  arm_common_tables.o(.constdata)
    armBitRevIndexTable32                    0x08025844   Data          96  arm_common_tables.o(.constdata)
    armBitRevIndexTable64                    0x080258a4   Data         112  arm_common_tables.o(.constdata)
    armBitRevIndexTable128                   0x08025914   Data         416  arm_common_tables.o(.constdata)
    armBitRevIndexTable256                   0x08025ab4   Data         880  arm_common_tables.o(.constdata)
    armBitRevIndexTable512                   0x08025e24   Data         896  arm_common_tables.o(.constdata)
    armBitRevIndexTable1024                  0x080261a4   Data        3600  arm_common_tables.o(.constdata)
    armBitRevIndexTable2048                  0x08026fb4   Data        7616  arm_common_tables.o(.constdata)
    armBitRevIndexTable4096                  0x08028d74   Data        8064  arm_common_tables.o(.constdata)
    __mathlib_zero                           0x0802ade0   Data           8  qnan.o(.constdata)
    Region$$Table$$Base                      0x0802ae38   Number         0  anon$$obj.o(Region$$Table)
    Region$$Table$$Limit                     0x0802ae58   Number         0  anon$$obj.o(Region$$Table)
    mem3base                                 0x10000000   Data        1024  malloc.o(.ARM.__AT_0x10000000)
    mem3mapbase                              0x10000400   Data          64  malloc.o(.ARM.__AT_0x10000400)
    max30102_data                            0x20000000   Data           8  main.o(.data)
    HeartRate                                0x20000008   Data           4  main.o(.data)
    SpO2                                     0x2000000c   Data           4  main.o(.data)
    cache_counter                            0x20000010   Data           2  main.o(.data)
    KeyNum                                   0x20000012   Data           1  main.o(.data)
    EncoderNum                               0x20000013   Data           1  main.o(.data)
    res                                      0x20000014   Data           1  main.o(.data)
    total                                    0x20000018   Data           4  main.o(.data)
    free1                                    0x2000001c   Data           4  main.o(.data)
    SystemCoreClock                          0x20000024   Data           4  system_gd32f30x.o(.data)
    Key_KeyNumber                            0x20000028   Data           1  key.o(.data)
    Key_A0                                   0x2000002a   Data           8  key.o(.data)
    Time_10ms                                0x20000034   Data           4  key.o(.data)
    Time_ms                                  0x2000003c   Data           4  random.o(.data)
    max30102_set_flag                        0x20000040   Data           1  random.o(.data)
    max30102_count                           0x20000042   Data           2  random.o(.data)
    mpu6050_set_flag                         0x20000044   Data           1  random.o(.data)
    mpu6050_count                            0x20000045   Data           1  random.o(.data)
    MySound                                  0x20000048   Data           4  beeper.o(.data)
    BEEPER_KEYPRESS                          0x2000004c   Data           8  beeper.o(.data)
    BEEPER_PULSE                             0x20000054   Data           8  beeper.o(.data)
    BEEPER_TRITONE                           0x2000005c   Data          16  beeper.o(.data)
    BEEPER_WARNING                           0x2000006c   Data          16  beeper.o(.data)
    BEEP1                                    0x2000007c   Data         112  beeper.o(.data)
    BEEP2                                    0x200000ec   Data         156  beeper.o(.data)
    W25QXX_TYPE                              0x200001c2   Data           2  w25qxx.o(.data)
    SD_Type                                  0x200001c4   Data           1  mmc_sd.o(.data)
    us_count                                 0x200001d8   Data           2  timer5_delay.o(.data)
    pageHead                                 0x200001e4   Data           4  hugo_ui.o(.data)
    pageTail                                 0x200001e8   Data           4  hugo_ui.o(.data)
    ItemHead                                 0x200001ec   Data           4  hugo_ui.o(.data)
    ItemTail                                 0x200001f0   Data           4  hugo_ui.o(.data)
    currentPage                              0x200001f4   Data           4  hugo_ui.o(.data)
    lastPage                                 0x200001f8   Data           4  hugo_ui.o(.data)
    currentItem                              0x200001fc   Data           4  hugo_ui.o(.data)
    frame_y                                  0x20000208   Data           2  hugo_ui.o(.data)
    frame_y_trg                              0x2000020a   Data           2  hugo_ui.o(.data)
    frame_x                                  0x2000020c   Data           2  hugo_ui.o(.data)
    frame_x_trg                              0x2000020e   Data           2  hugo_ui.o(.data)
    frame_width                              0x20000210   Data           2  hugo_ui.o(.data)
    frame_width_trg                          0x20000212   Data           2  hugo_ui.o(.data)
    slidbar_y                                0x20000214   Data           2  hugo_ui.o(.data)
    slidbar_y_trg                            0x20000216   Data           2  hugo_ui.o(.data)
    icon_move_x                              0x20000218   Data           2  hugo_ui.o(.data)
    icon_move_x_trg                          0x2000021a   Data           2  hugo_ui.o(.data)
    page_x_step                              0x2000021c   Data           1  hugo_ui.o(.data)
    icon_desc_y                              0x2000021e   Data           2  hugo_ui.o(.data)
    icon_desc_y_trg                          0x20000220   Data           2  hugo_ui.o(.data)
    list_move_y                              0x20000222   Data           2  hugo_ui.o(.data)
    list_move_y_trg                          0x20000224   Data           2  hugo_ui.o(.data)
    icon_rectangle_x                         0x20000226   Data           2  hugo_ui.o(.data)
    icon_rectangle_x_trg                     0x20000228   Data           2  hugo_ui.o(.data)
    ui_Key_num                               0x2000022a   Data           1  hugo_ui.o(.data)
    ui_Encoder_num                           0x2000022b   Data           1  hugo_ui.o(.data)
    disappear_flag                           0x2000022c   Data           1  hugo_ui.o(.data)
    Blur_Effect_temp                         0x2000022e   Data           2  hugo_ui.o(.data)
    ItemUIisRunning                          0x20000230   Data           1  hugo_ui.o(.data)
    SmoothAnimation_Flag                     0x20000234   Data           1  hugoui_user.o(.data)
    OptionStripFixedLength_Flag              0x20000235   Data           1  hugoui_user.o(.data)
    CheckBox1_flag                           0x20000236   Data           1  hugoui_user.o(.data)
    CheckBox2_flag                           0x20000237   Data           1  hugoui_user.o(.data)
    CheckBox3_flag                           0x20000238   Data           1  hugoui_user.o(.data)
    Switch1_flag                             0x20000239   Data           1  hugoui_user.o(.data)
    Switch2_flag                             0x2000023a   Data           1  hugoui_user.o(.data)
    Switch3_flag                             0x2000023b   Data           1  hugoui_user.o(.data)
    BeeperEnable_flag                        0x2000023c   Data           1  hugoui_user.o(.data)
    PageListMode_flag                        0x2000023d   Data           1  hugoui_user.o(.data)
    val1                                     0x20000240   Data           4  hugoui_user.o(.data)
    val2                                     0x20000244   Data           4  hugoui_user.o(.data)
    val3                                     0x20000248   Data           4  hugoui_user.o(.data)
    Spo2MinLimit                             0x2000024c   Data           4  hugoui_user.o(.data)
    HRMaxLimit                               0x20000250   Data           4  hugoui_user.o(.data)
    HRMinLimit                               0x20000254   Data           4  hugoui_user.o(.data)
    BeeperLoud                               0x20000258   Data           4  hugoui_user.o(.data)
    ScreenBrightness                         0x2000025c   Data           4  hugoui_user.o(.data)
    MenuScroll                               0x20000260   Data           4  hugoui_user.o(.data)
    pitch                                    0x20000264   Data           4  hugoui_user.o(.data)
    roll                                     0x20000268   Data           4  hugoui_user.o(.data)
    yaw                                      0x2000026c   Data           4  hugoui_user.o(.data)
    aacx                                     0x20000270   Data           2  hugoui_user.o(.data)
    aacy                                     0x20000272   Data           2  hugoui_user.o(.data)
    aacz                                     0x20000274   Data           2  hugoui_user.o(.data)
    gyrox                                    0x20000276   Data           2  hugoui_user.o(.data)
    gyroy                                    0x20000278   Data           2  hugoui_user.o(.data)
    gyroz                                    0x2000027a   Data           2  hugoui_user.o(.data)
    Switch_space                             0x2000027c   Data          40  hugoui_user.o(.data)
    Slide_space                              0x200002a4   Data         128  hugoui_user.o(.data)
    Temperature                              0x20000324   Data           4  hugoui_user.o(.data)
    Humidity                                 0x20000328   Data           4  hugoui_user.o(.data)
    mallco_dev                               0x2000036c   Data          36  malloc.o(.data)
    FLASH_SECTOR_COUNT                       0x20000390   Data           2  diskio.o(.data)
    file                                     0x20000394   Data           4  exfuns.o(.data)
    ftemp                                    0x20000398   Data           4  exfuns.o(.data)
    br                                       0x2000039c   Data           4  exfuns.o(.data)
    bw                                       0x200003a0   Data           4  exfuns.o(.data)
    fatbuf                                   0x200003a4   Data           4  exfuns.o(.data)
    n_spo2                                   0x200003a8   Data           4  max30102.o(.data)
    ch_spo2_valid                            0x200003ac   Data           1  max30102.o(.data)
    n_heart_rate                             0x200003b0   Data           4  max30102.o(.data)
    ch_hr_valid                              0x200003b4   Data           1  max30102.o(.data)
    un_min                                   0x200003b8   Data           4  max30102.o(.data)
    un_max                                   0x200003bc   Data           4  max30102.o(.data)
    peakfound_flag                           0x200003c0   Data           1  max30102.o(.data)
    fingerfound_flag                         0x200003c1   Data           1  max30102.o(.data)
    i                                        0x200003c2   Data           2  max30102.o(.data)
    ir_ppgtemp                               0x200003c4   Data           4  max30102.o(.data)
    ir_ppgtemp_fir                           0x200003c8   Data           4  max30102.o(.data)
    blockSize                                0x200003cc   Data           4  max30102_fir.o(.data)
    numBlocks                                0x200003d0   Data           4  max30102_fir.o(.data)
    __stdout                                 0x200003d4   Data           4  stdout.o(.data)
    ppg_data_cache_RED                       0x200003dc   Data        2000  main.o(.bss)
    ppg_data_cache_IR                        0x20000bac   Data        2000  main.o(.bss)
    u8g2                                     0x2000137c   Data         148  main.o(.bss)
    OLED_GRAM                                0x20001410   Data        1024  oled.o(.bss)
    Beeper0                                  0x20001810   Data          12  beeper.o(.bss)
    W25QXX_BUFFER                            0x2000182c   Data        4096  w25qxx.o(.bss)
    u8g2_pg                                  0x20002f2c   Data          76  u8g2_polygon.o(.bss)
    formatControl                            0x20003014   Data          10  oled_user.o(.bss)
    NumForShow                               0x2000301e   Data          10  oled_user.o(.bss)
    mem1base                                 0x20003040   Data       10240  malloc.o(.bss)
    mem1mapbase                              0x20005840   Data         640  malloc.o(.bss)
    fs                                       0x20005acc   Data          12  exfuns.o(.bss)
    fileinfo                                 0x20005ad8   Data          32  exfuns.o(.bss)
    dir                                      0x20005af8   Data          36  exfuns.o(.bss)
    ftinfo                                   0x20005b1c   Data          33  fontupd.o(.bss)
    S_ir                                     0x20005b40   Data          12  max30102_fir.o(.bss)
    S_red                                    0x20005b4c   Data          12  max30102_fir.o(.bss)
    __initial_sp                             0x200077a0   Data           0  startup_gd32f30x_hd.o(STACK)
    mem2base                                 0x68000000   Data        1024  malloc.o(.ARM.__AT_0x68000000)
    mem2mapbase                              0x68000400   Data          64  malloc.o(.ARM.__AT_0x68000400)



==============================================================================

Memory Map of the image

  Image Entry point : 0x08000131

  Load Region LR_IROM1 (Base: 0x08000000, Size: 0x0002b234, Max: 0x00040000, ABSOLUTE, COMPRESSED[0x0002afe4])

    Execution Region ER_IROM1 (Exec base: 0x08000000, Load base: 0x08000000, Size: 0x0002ae58, Max: 0x00040000, ABSOLUTE)

    Exec Addr    Load Addr    Size         Type   Attr      Idx    E Section Name        Object

    0x08000000   0x08000000   0x00000130   Data   RO         4373    RESET               startup_gd32f30x_hd.o
    0x08000130   0x08000130   0x00000000   Code   RO        10508  * .ARM.Collect$$$$00000000  mc_w.l(entry.o)
    0x08000130   0x08000130   0x00000004   Code   RO        10848    .ARM.Collect$$$$00000001  mc_w.l(entry2.o)
    0x08000134   0x08000134   0x00000004   Code   RO        10851    .ARM.Collect$$$$00000004  mc_w.l(entry5.o)
    0x08000138   0x08000138   0x00000000   Code   RO        10853    .ARM.Collect$$$$00000008  mc_w.l(entry7b.o)
    0x08000138   0x08000138   0x00000000   Code   RO        10855    .ARM.Collect$$$$0000000A  mc_w.l(entry8b.o)
    0x08000138   0x08000138   0x00000008   Code   RO        10856    .ARM.Collect$$$$0000000B  mc_w.l(entry9a.o)
    0x08000140   0x08000140   0x00000000   Code   RO        10858    .ARM.Collect$$$$0000000D  mc_w.l(entry10a.o)
    0x08000140   0x08000140   0x00000000   Code   RO        10860    .ARM.Collect$$$$0000000F  mc_w.l(entry11a.o)
    0x08000140   0x08000140   0x00000004   Code   RO        10849    .ARM.Collect$$$$00002712  mc_w.l(entry2.o)
    0x08000144   0x08000144   0x00000024   Code   RO         4374    .text               startup_gd32f30x_hd.o
    0x08000168   0x08000168   0x0000052a   Code   RO        10328    .text               arm_cortexM4lf_math.lib(arm_fir_f32.o)
    0x08000692   0x08000692   0x0000001c   Code   RO        10373    .text               arm_cortexM4lf_math.lib(arm_fir_init_f32.o)
    0x080006ae   0x080006ae   0x00000062   Code   RO        10511    .text               mc_w.l(ldiv.o)
    0x08000710   0x08000710   0x00000024   Code   RO        10516    .text               mc_w.l(memseta.o)
    0x08000734   0x08000734   0x0000001a   Code   RO        10524    .text               mc_w.l(memcmp.o)
    0x0800074e   0x0800074e   0x0000014e   Code   RO        10789    .text               mf_w.l(dadd.o)
    0x0800089c   0x0800089c   0x000000e4   Code   RO        10791    .text               mf_w.l(dmul.o)
    0x08000980   0x08000980   0x000000de   Code   RO        10793    .text               mf_w.l(ddiv.o)
    0x08000a5e   0x08000a5e   0x00000026   Code   RO        10803    .text               mf_w.l(f2d.o)
    0x08000a84   0x08000a84   0x00000038   Code   RO        10807    .text               mf_w.l(d2f.o)
    0x08000abc   0x08000abc   0x0000002c   Code   RO        10863    .text               mc_w.l(uidiv.o)
    0x08000ae8   0x08000ae8   0x00000062   Code   RO        10865    .text               mc_w.l(uldiv.o)
    0x08000b4a   0x08000b4a   0x0000001e   Code   RO        10867    .text               mc_w.l(llshl.o)
    0x08000b68   0x08000b68   0x00000020   Code   RO        10869    .text               mc_w.l(llushr.o)
    0x08000b88   0x08000b88   0x00000024   Code   RO        10871    .text               mc_w.l(llsshr.o)
    0x08000bac   0x08000bac   0x00000000   Code   RO        10880    .text               mc_w.l(iusefp.o)
    0x08000bac   0x08000bac   0x0000006e   Code   RO        10881    .text               mf_w.l(fepilogue.o)
    0x08000c1a   0x08000c1a   0x000000ba   Code   RO        10883    .text               mf_w.l(depilogue.o)
    0x08000cd4   0x08000cd4   0x000000a2   Code   RO        10887    .text               mf_w.l(dsqrt.o)
    0x08000d76   0x08000d76   0x00000030   Code   RO        10889    .text               mf_w.l(dfixul.o)
    0x08000da6   0x08000da6   0x00000002   PAD
    0x08000da8   0x08000da8   0x00000030   Code   RO        10891    .text               mf_w.l(cdrcmple.o)
    0x08000dd8   0x08000dd8   0x00000024   Code   RO        10893    .text               mc_w.l(init.o)
    0x08000dfc   0x08000dfc   0x00000056   Code   RO        10903    .text               mc_w.l(__dczerorl2.o)
    0x08000e52   0x08000e52   0x00000002   PAD
    0x08000e54   0x08000e54   0x00000164   Code   RO         8761    i.AddItem           hugo_ui.o
    0x08000fb8   0x08000fb8   0x00000098   Code   RO         8762    i.AddPage           hugo_ui.o
    0x08001050   0x08001050   0x0000005c   Code   RO         4676    i.Beeper_Init       beeper.o
    0x080010ac   0x080010ac   0x00000040   Code   RO         4677    i.Beeper_Perform    beeper.o
    0x080010ec   0x080010ec   0x00000108   Code   RO         4678    i.Beeper_Proc       beeper.o
    0x080011f4   0x080011f4   0x00000004   Code   RO            3    i.BusFault_Handler  gd32f30x_it.o
    0x080011f8   0x080011f8   0x000000a0   Code   RO         5933    i.ConfigUART        uart0.o
    0x08001298   0x08001298   0x00000044   Code   RO         5887    i.DeQueue           queue.o
    0x080012dc   0x080012dc   0x00000002   Code   RO            4    i.DebugMon_Handler  gd32f30x_it.o
    0x080012de   0x080012de   0x00000048   Code   RO         5888    i.EnQueue           queue.o
    0x08001326   0x08001326   0x00000002   PAD
    0x08001328   0x08001328   0x00000088   Code   RO         4732    i.Encoder_GetNum    encoder.o
    0x080013b0   0x080013b0   0x000000a8   Code   RO         4733    i.Encoder_Init      encoder.o
    0x08001458   0x08001458   0x00000014   Code   RO         8858    i.EventBeeperEnableConfig  hugoui_user.o
    0x0800146c   0x0800146c   0x0000001c   Code   RO         8859    i.EventBeeperVolumeControl  hugoui_user.o
    0x08001488   0x08001488   0x000001a8   Code   RO         8860    i.EventChartTest    hugoui_user.o
    0x08001630   0x08001630   0x000000b0   Code   RO         5786    i.EventLoadSettingConfig  filesystem.o
    0x080016e0   0x080016e0   0x00000458   Code   RO         8861    i.EventPulseOximeter  hugoui_user.o
    0x08001b38   0x08001b38   0x000001b8   Code   RO         5787    i.EventSaveSettingConfig  filesystem.o
    0x08001cf0   0x08001cf0   0x000000c0   Code   RO         8862    i.EventShowAboutUI  hugoui_user.o
    0x08001db0   0x08001db0   0x0000029c   Code   RO         8863    i.EventShowGyroUI   hugoui_user.o
    0x0800204c   0x0800204c   0x00000060   Code   RO         8864    i.EventTreasureBox  hugoui_user.o
    0x080020ac   0x080020ac   0x00000004   Code   RO            5    i.HardFault_Handler  gd32f30x_it.o
    0x080020b0   0x080020b0   0x00000d90   Code   RO         8764    i.HugoUI_Control    hugo_ui.o
    0x08002e40   0x08002e40   0x0000044c   Code   RO         8866    i.HugoUI_InitLayout  hugoui_user.o
    0x0800328c   0x0800328c   0x00000084   Code   RO         8766    i.HugoUI_Run        hugo_ui.o
    0x08003310   0x08003310   0x00000128   Code   RO         8767    i.HugoUI_System     hugo_ui.o
    0x08003438   0x08003438   0x000000ac   Code   RO         4509    i.I2C_WriteByte     oled.o
    0x080034e4   0x080034e4   0x00000016   Code   RO         5388    i.IIC_Ack           myiic.o
    0x080034fa   0x080034fa   0x00000016   Code   RO        10091    i.IIC_Ack_MAX30102  myiic_max30102.o
    0x08003510   0x08003510   0x00000034   Code   RO         5389    i.IIC_Init          myiic.o
    0x08003544   0x08003544   0x00000038   Code   RO        10092    i.IIC_Init_MAX30102  myiic_max30102.o
    0x0800357c   0x0800357c   0x00000016   Code   RO         5390    i.IIC_NAck          myiic.o
    0x08003592   0x08003592   0x00000016   Code   RO        10093    i.IIC_NAck_MAX30102  myiic_max30102.o
    0x080035a8   0x080035a8   0x00000042   Code   RO         5391    i.IIC_Read_Byte     myiic.o
    0x080035ea   0x080035ea   0x00000042   Code   RO        10095    i.IIC_Read_Byte_MAX30102  myiic_max30102.o
    0x0800362c   0x0800362c   0x0000002c   Code   RO        10097    i.IIC_SCL_MAX30102  myiic_max30102.o
    0x08003658   0x08003658   0x0000002c   Code   RO        10098    i.IIC_SDA_MAX30102  myiic_max30102.o
    0x08003684   0x08003684   0x0000002a   Code   RO         5392    i.IIC_Send_Byte     myiic.o
    0x080036ae   0x080036ae   0x0000002a   Code   RO        10099    i.IIC_Send_Byte_MAX30102  myiic_max30102.o
    0x080036d8   0x080036d8   0x0000001c   Code   RO         5393    i.IIC_Start         myiic.o
    0x080036f4   0x080036f4   0x0000001c   Code   RO        10100    i.IIC_Start_MAX30102  myiic_max30102.o
    0x08003710   0x08003710   0x00000016   Code   RO         5394    i.IIC_Stop          myiic.o
    0x08003726   0x08003726   0x00000016   Code   RO        10101    i.IIC_Stop_MAX30102  myiic_max30102.o
    0x0800373c   0x0800373c   0x0000001e   Code   RO         5395    i.IIC_Wait_Ack      myiic.o
    0x0800375a   0x0800375a   0x0000001e   Code   RO        10102    i.IIC_Wait_Ack_MAX30102  myiic_max30102.o
    0x08003778   0x08003778   0x00000024   Code   RO         5889    i.InitQueue         queue.o
    0x0800379c   0x0800379c   0x00000010   Code   RO         5935    i.InitUART0         uart0.o
    0x080037ac   0x080037ac   0x00000040   Code   RO         5936    i.InitUARTBuf       uart0.o
    0x080037ec   0x080037ec   0x00000054   Code   RO         4380    i.Key_GetNum        key.o
    0x08003840   0x08003840   0x00000018   Code   RO         4381    i.Key_GetState      key.o
    0x08003858   0x08003858   0x00000030   Code   RO         4382    i.Key_Init          key.o
    0x08003888   0x08003888   0x00000108   Code   RO         4383    i.Key_Loop          key.o
    0x08003990   0x08003990   0x00000024   Code   RO         5716    i.LED0              led.o
    0x080039b4   0x080039b4   0x00000028   Code   RO         5717    i.LED_Init          led.o
    0x080039dc   0x080039dc   0x000001ec   Code   RO         9939    i.MAX30102_Get_DATA  max30102.o
    0x08003bc8   0x08003bc8   0x0000009c   Code   RO         5301    i.MPU_Init          mpu6050.o
    0x08003c64   0x08003c64   0x0000003a   Code   RO         5302    i.MPU_Read_Byte     mpu6050.o
    0x08003c9e   0x08003c9e   0x00000074   Code   RO         5303    i.MPU_Read_Len      mpu6050.o
    0x08003d12   0x08003d12   0x00000010   Code   RO         5304    i.MPU_Set_Accel_Fsr  mpu6050.o
    0x08003d22   0x08003d22   0x00000010   Code   RO         5305    i.MPU_Set_Gyro_Fsr  mpu6050.o
    0x08003d32   0x08003d32   0x0000003a   Code   RO         5306    i.MPU_Set_LPF       mpu6050.o
    0x08003d6c   0x08003d6c   0x0000003a   Code   RO         5307    i.MPU_Set_Rate      mpu6050.o
    0x08003da6   0x08003da6   0x00000044   Code   RO         5308    i.MPU_Write_Byte    mpu6050.o
    0x08003dea   0x08003dea   0x00000060   Code   RO         5309    i.MPU_Write_Len     mpu6050.o
    0x08003e4a   0x08003e4a   0x00000004   Code   RO            6    i.MemManage_Handler  gd32f30x_it.o
    0x08003e4e   0x08003e4e   0x00000002   PAD
    0x08003e50   0x08003e50   0x0000001c   Code   RO         5396    i.MyI2C_R_SDA       myiic.o
    0x08003e6c   0x08003e6c   0x00000028   Code   RO         5397    i.MyI2C_W_SCL       myiic.o
    0x08003e94   0x08003e94   0x00000028   Code   RO         5398    i.MyI2C_W_SDA       myiic.o
    0x08003ebc   0x08003ebc   0x00000054   Code   RO         5744    i.MySPI1_Init       myspi.o
    0x08003f10   0x08003f10   0x00000002   Code   RO            7    i.NMI_Handler       gd32f30x_it.o
    0x08003f12   0x08003f12   0x00000002   PAD
    0x08003f14   0x08003f14   0x00000028   Code   RO          394    i.NVIC_SetPriority  systick.o
    0x08003f3c   0x08003f3c   0x00000030   Code   RO         4510    i.OLED_Clear        oled.o
    0x08003f6c   0x08003f6c   0x00000110   Code   RO         4518    i.OLED_Init         oled.o
    0x0800407c   0x0800407c   0x00000044   Code   RO         4522    i.OLED_Refresh      oled.o
    0x080040c0   0x080040c0   0x00000034   Code   RO         8947    i.Oled_EventUpdateOledLightLevel  oled_user.o
    0x080040f4   0x080040f4   0x00000010   Code   RO         8948    i.Oled_u8g2_ClearBuffer  oled_user.o
    0x08004104   0x08004104   0x00000020   Code   RO         8949    i.Oled_u8g2_DrawBox  oled_user.o
    0x08004124   0x08004124   0x00000020   Code   RO         8950    i.Oled_u8g2_DrawFrame  oled_user.o
    0x08004144   0x08004144   0x00000020   Code   RO         8951    i.Oled_u8g2_DrawLine  oled_user.o
    0x08004164   0x08004164   0x00000028   Code   RO         8953    i.Oled_u8g2_DrawRBox  oled_user.o
    0x0800418c   0x0800418c   0x00000028   Code   RO         8955    i.Oled_u8g2_DrawTriangle  oled_user.o
    0x080041b4   0x080041b4   0x00000014   Code   RO         8959    i.Oled_u8g2_Get_UTF8_ASCII_PixLen  oled_user.o
    0x080041c8   0x080041c8   0x00000010   Code   RO         8961    i.Oled_u8g2_SendBuffer  oled_user.o
    0x080041d8   0x080041d8   0x00000014   Code   RO         8962    i.Oled_u8g2_SetDrawColor  oled_user.o
    0x080041ec   0x080041ec   0x00000014   Code   RO         8963    i.Oled_u8g2_SetFont  oled_user.o
    0x08004200   0x08004200   0x00000028   Code   RO         8964    i.Oled_u8g2_ShowBMP  oled_user.o
    0x08004228   0x08004228   0x00000098   Code   RO         8965    i.Oled_u8g2_ShowFloat  oled_user.o
    0x080042c0   0x080042c0   0x0000002c   Code   RO         8966    i.Oled_u8g2_ShowNum  oled_user.o
    0x080042ec   0x080042ec   0x0000001c   Code   RO         8967    i.Oled_u8g2_ShowStr  oled_user.o
    0x08004308   0x08004308   0x0000001c   Code   RO         8968    i.Oled_u8g2_ShowUTF8  oled_user.o
    0x08004324   0x08004324   0x00000002   Code   RO            8    i.PendSV_Handler    gd32f30x_it.o
    0x08004326   0x08004326   0x0000000e   Code   RO         5890    i.QueueEmpty        queue.o
    0x08004334   0x08004334   0x0000001c   Code   RO        10105    i.READ_SDA_MAX30102  myiic_max30102.o
    0x08004350   0x08004350   0x0000001c   Code   RO         5937    i.ReadSendBuf       uart0.o
    0x0800436c   0x0800436c   0x00000024   Code   RO         4734    i.Read_value        encoder.o
    0x08004390   0x08004390   0x0000000c   Code   RO         8768    i.ReturnThisItem    hugo_ui.o
    0x0800439c   0x0800439c   0x00000024   Code   RO         5588    i.SD_CS             mmc_sd.o
    0x080043c0   0x080043c0   0x00000010   Code   RO         5589    i.SD_DisSelect      mmc_sd.o
    0x080043d0   0x080043d0   0x0000002a   Code   RO         5591    i.SD_GetCSD         mmc_sd.o
    0x080043fa   0x080043fa   0x00000026   Code   RO         5592    i.SD_GetResponse    mmc_sd.o
    0x08004420   0x08004420   0x00000076   Code   RO         5593    i.SD_GetSectorCount  mmc_sd.o
    0x08004496   0x08004496   0x00000002   PAD
    0x08004498   0x08004498   0x00000188   Code   RO         5594    i.SD_Initialize     mmc_sd.o
    0x08004620   0x08004620   0x00000074   Code   RO         5595    i.SD_ReadDisk       mmc_sd.o
    0x08004694   0x08004694   0x00000038   Code   RO         5596    i.SD_RecvData       mmc_sd.o
    0x080046cc   0x080046cc   0x00000030   Code   RO         5597    i.SD_SPI_Init       mmc_sd.o
    0x080046fc   0x080046fc   0x0000000c   Code   RO         5598    i.SD_SPI_ReadWriteByte  mmc_sd.o
    0x08004708   0x08004708   0x00000012   Code   RO         5599    i.SD_SPI_SpeedHigh  mmc_sd.o
    0x0800471a   0x0800471a   0x00000012   Code   RO         5600    i.SD_SPI_SpeedLow   mmc_sd.o
    0x0800472c   0x0800472c   0x0000001a   Code   RO         5601    i.SD_Select         mmc_sd.o
    0x08004746   0x08004746   0x00000052   Code   RO         5602    i.SD_SendBlock      mmc_sd.o
    0x08004798   0x08004798   0x00000078   Code   RO         5603    i.SD_SendCmd        mmc_sd.o
    0x08004810   0x08004810   0x00000022   Code   RO         5604    i.SD_WaitReady      mmc_sd.o
    0x08004832   0x08004832   0x00000002   PAD
    0x08004834   0x08004834   0x00000090   Code   RO         5605    i.SD_WriteDisk      mmc_sd.o
    0x080048c4   0x080048c4   0x00000038   Code   RO         5745    i.SPI1_ReadWriteByte  myspi.o
    0x080048fc   0x080048fc   0x00000034   Code   RO         5746    i.SPI1_SetSpeed     myspi.o
    0x08004930   0x08004930   0x00000002   Code   RO            9    i.SVC_Handler       gd32f30x_it.o
    0x08004932   0x08004932   0x00000002   PAD
    0x08004934   0x08004934   0x00000018   Code   RO         8769    i.SetDescripition   hugo_ui.o
    0x0800494c   0x0800494c   0x00000018   Code   RO         8770    i.SetIconSrc        hugo_ui.o
    0x08004964   0x08004964   0x00000024   Code   RO         8771    i.SetJumpId         hugo_ui.o
    0x08004988   0x08004988   0x00000038   Code   RO         4679    i.Set_Musical_Note  beeper.o
    0x080049c0   0x080049c0   0x00000008   Code   RO           10    i.SysTick_Handler   gd32f30x_it.o
    0x080049c8   0x080049c8   0x000000a8   Code   RO          438    i.SystemInit        system_gd32f30x.o
    0x08004a70   0x08004a70   0x0000005e   Code   RO         4384    i.TIM1_Key_Init     key.o
    0x08004ace   0x08004ace   0x00000002   PAD
    0x08004ad0   0x08004ad0   0x0000009c   Code   RO         4680    i.TIM2_PWM_Init     beeper.o
    0x08004b6c   0x08004b6c   0x0000005c   Code   RO         4459    i.TIM4_Random_Init  random.o
    0x08004bc8   0x08004bc8   0x00000028   Code   RO         4385    i.TIMER1_IRQHandler  key.o
    0x08004bf0   0x08004bf0   0x0000007c   Code   RO         4460    i.TIMER4_IRQHandler  random.o
    0x08004c6c   0x08004c6c   0x0000001c   Code   RO         5844    i.TIMER5_IRQHandler  timer5_delay.o
    0x08004c88   0x08004c88   0x00000070   Code   RO         5845    i.Timer5_Delay_Init  timer5_delay.o
    0x08004cf8   0x08004cf8   0x00000098   Code   RO         5939    i.USART0_IRQHandler  uart0.o
    0x08004d90   0x08004d90   0x00000004   Code   RO           11    i.UsageFault_Handler  gd32f30x_it.o
    0x08004d94   0x08004d94   0x00000024   Code   RO         5468    i.W25QXX_CS         w25qxx.o
    0x08004db8   0x08004db8   0x0000004c   Code   RO         5470    i.W25QXX_Erase_Sector  w25qxx.o
    0x08004e04   0x08004e04   0x00000054   Code   RO         5471    i.W25QXX_Init       w25qxx.o
    0x08004e58   0x08004e58   0x0000004a   Code   RO         5473    i.W25QXX_Read       w25qxx.o
    0x08004ea2   0x08004ea2   0x0000003e   Code   RO         5474    i.W25QXX_ReadID     w25qxx.o
    0x08004ee0   0x08004ee0   0x00000022   Code   RO         5475    i.W25QXX_ReadSR     w25qxx.o
    0x08004f02   0x08004f02   0x00000012   Code   RO         5477    i.W25QXX_Wait_Busy  w25qxx.o
    0x08004f14   0x08004f14   0x000000b8   Code   RO         5478    i.W25QXX_Write      w25qxx.o
    0x08004fcc   0x08004fcc   0x00000016   Code   RO         5480    i.W25QXX_Write_Enable  w25qxx.o
    0x08004fe2   0x08004fe2   0x00000046   Code   RO         5481    i.W25QXX_Write_NoCheck  w25qxx.o
    0x08005028   0x08005028   0x00000050   Code   RO         5482    i.W25QXX_Write_Page  w25qxx.o
    0x08005078   0x08005078   0x0000000e   Code   RO         4528    i.WriteCmd          oled.o
    0x08005086   0x08005086   0x0000000e   Code   RO         4529    i.WriteDat          oled.o
    0x08005094   0x08005094   0x00000018   Code   RO         5940    i.WriteReceiveBuf   uart0.o
    0x080050ac   0x080050ac   0x00000020   Code   RO        10761    i.__0printf         mc_w.l(printfa.o)
    0x080050cc   0x080050cc   0x00000028   Code   RO        10763    i.__0sprintf        mc_w.l(printfa.o)
    0x080050f4   0x080050f4   0x00000030   Code   RO        10843    i.__ARM_fpclassify  m_wm.l(fpclassify.o)
    0x08005124   0x08005124   0x00000004   PAD
    0x08005128   0x08005128   0x00000360   Code   RO        10442    i.__hardfp_asin     m_wm.l(asin.o)
    0x08005488   0x08005488   0x000002d8   Code   RO        10809    i.__hardfp_atan     m_wm.l(atan.o)
    0x08005760   0x08005760   0x000001f0   Code   RO        10456    i.__hardfp_atan2    m_wm.l(atan2.o)
    0x08005950   0x08005950   0x000000f8   Code   RO        10845    i.__kernel_poly     m_wm.l(poly.o)
    0x08005a48   0x08005a48   0x00000014   Code   RO        10824    i.__mathlib_dbl_infnan  m_wm.l(dunder.o)
    0x08005a5c   0x08005a5c   0x00000014   Code   RO        10825    i.__mathlib_dbl_infnan2  m_wm.l(dunder.o)
    0x08005a70   0x08005a70   0x00000020   Code   RO        10826    i.__mathlib_dbl_invalid  m_wm.l(dunder.o)
    0x08005a90   0x08005a90   0x00000020   Code   RO        10829    i.__mathlib_dbl_underflow  m_wm.l(dunder.o)
    0x08005ab0   0x08005ab0   0x0000000e   Code   RO        10897    i.__scatterload_copy  mc_w.l(handlers.o)
    0x08005abe   0x08005abe   0x00000002   Code   RO        10898    i.__scatterload_null  mc_w.l(handlers.o)
    0x08005ac0   0x08005ac0   0x0000000e   Code   RO        10899    i.__scatterload_zeroinit  mc_w.l(handlers.o)
    0x08005ace   0x08005ace   0x00000002   PAD
    0x08005ad0   0x08005ad0   0x0000000c   Code   RO        10875    i.__set_errno       mc_w.l(errno.o)
    0x08005adc   0x08005adc   0x00000184   Code   RO        10768    i._fp_digits        mc_w.l(printfa.o)
    0x08005c60   0x08005c60   0x000006dc   Code   RO        10769    i._printf_core      mc_w.l(printfa.o)
    0x0800633c   0x0800633c   0x00000024   Code   RO        10770    i._printf_post_padding  mc_w.l(printfa.o)
    0x08006360   0x08006360   0x0000002e   Code   RO        10771    i._printf_pre_padding  mc_w.l(printfa.o)
    0x0800638e   0x0800638e   0x0000000a   Code   RO        10773    i._sputc            mc_w.l(printfa.o)
    0x08006398   0x08006398   0x000000c0   Code   RO         4765    i.accel_self_test   inv_mpu.o
    0x08006458   0x08006458   0x00000010   Code   RO        10811    i.atan              m_wm.l(atan.o)
    0x08006468   0x08006468   0x00000090   Code   RO         9263    i.check_fs          ff.o
    0x080064f8   0x080064f8   0x00000014   Code   RO         9264    i.chk_chr           ff.o
    0x0800650c   0x0800650c   0x00000032   Code   RO         9265    i.clmt_clust        ff.o
    0x0800653e   0x0800653e   0x0000001a   Code   RO         9266    i.clust2sect        ff.o
    0x08006558   0x08006558   0x00000090   Code   RO         9267    i.cmp_lfn           ff.o
    0x080065e8   0x080065e8   0x000000d6   Code   RO         9268    i.create_chain      ff.o
    0x080066be   0x080066be   0x00000002   PAD
    0x080066c0   0x080066c0   0x00000270   Code   RO         9269    i.create_name       ff.o
    0x08006930   0x08006930   0x00000064   Code   RO         5108    i.decode_gesture    inv_mpu_dmp_motion_driver.o
    0x08006994   0x08006994   0x00000014   Code   RO          395    i.delay_1ms         systick.o
    0x080069a8   0x080069a8   0x00000018   Code   RO          396    i.delay_decrement   systick.o
    0x080069c0   0x080069c0   0x0000001a   Code   RO         5846    i.delay_ms          timer5_delay.o
    0x080069da   0x080069da   0x00000002   PAD
    0x080069dc   0x080069dc   0x00000038   Code   RO         5847    i.delay_us          timer5_delay.o
    0x08006a14   0x08006a14   0x0000005c   Code   RO         9270    i.dir_alloc         ff.o
    0x08006a70   0x08006a70   0x000000ea   Code   RO         9271    i.dir_find          ff.o
    0x08006b5a   0x08006b5a   0x00000110   Code   RO         9272    i.dir_next          ff.o
    0x08006c6a   0x08006c6a   0x000000c4   Code   RO         9273    i.dir_read          ff.o
    0x08006d2e   0x08006d2e   0x0000012a   Code   RO         9274    i.dir_register      ff.o
    0x08006e58   0x08006e58   0x0000009e   Code   RO         9276    i.dir_sdi           ff.o
    0x08006ef6   0x08006ef6   0x00000002   PAD
    0x08006ef8   0x08006ef8   0x00000048   Code   RO         9189    i.disk_initialize   diskio.o
    0x08006f40   0x08006f40   0x000000a0   Code   RO         9190    i.disk_ioctl        diskio.o
    0x08006fe0   0x08006fe0   0x00000076   Code   RO         9191    i.disk_read         diskio.o
    0x08007056   0x08007056   0x00000006   Code   RO         9192    i.disk_status       diskio.o
    0x0800705c   0x0800705c   0x00000062   Code   RO         9193    i.disk_write        diskio.o
    0x080070be   0x080070be   0x0000003c   Code   RO         5109    i.dmp_enable_6x_lp_quat  inv_mpu_dmp_motion_driver.o
    0x080070fa   0x080070fa   0x00000002   PAD
    0x080070fc   0x080070fc   0x0000021c   Code   RO         5110    i.dmp_enable_feature  inv_mpu_dmp_motion_driver.o
    0x08007318   0x08007318   0x00000058   Code   RO         5111    i.dmp_enable_gyro_cal  inv_mpu_dmp_motion_driver.o
    0x08007370   0x08007370   0x0000003c   Code   RO         5112    i.dmp_enable_lp_quat  inv_mpu_dmp_motion_driver.o
    0x080073ac   0x080073ac   0x00000018   Code   RO         5117    i.dmp_load_motion_driver_firmware  inv_mpu_dmp_motion_driver.o
    0x080073c4   0x080073c4   0x000001cc   Code   RO         5118    i.dmp_read_fifo     inv_mpu_dmp_motion_driver.o
    0x08007590   0x08007590   0x00000130   Code   RO         5121    i.dmp_set_accel_bias  inv_mpu_dmp_motion_driver.o
    0x080076c0   0x080076c0   0x00000070   Code   RO         5122    i.dmp_set_fifo_rate  inv_mpu_dmp_motion_driver.o
    0x08007730   0x08007730   0x00000130   Code   RO         5123    i.dmp_set_gyro_bias  inv_mpu_dmp_motion_driver.o
    0x08007860   0x08007860   0x00000138   Code   RO         5125    i.dmp_set_orientation  inv_mpu_dmp_motion_driver.o
    0x08007998   0x08007998   0x00000038   Code   RO         5128    i.dmp_set_shake_reject_thresh  inv_mpu_dmp_motion_driver.o
    0x080079d0   0x080079d0   0x00000026   Code   RO         5129    i.dmp_set_shake_reject_time  inv_mpu_dmp_motion_driver.o
    0x080079f6   0x080079f6   0x00000026   Code   RO         5130    i.dmp_set_shake_reject_timeout  inv_mpu_dmp_motion_driver.o
    0x08007a1c   0x08007a1c   0x00000046   Code   RO         5131    i.dmp_set_tap_axes  inv_mpu_dmp_motion_driver.o
    0x08007a62   0x08007a62   0x00000026   Code   RO         5132    i.dmp_set_tap_count  inv_mpu_dmp_motion_driver.o
    0x08007a88   0x08007a88   0x000001c0   Code   RO         5133    i.dmp_set_tap_thresh  inv_mpu_dmp_motion_driver.o
    0x08007c48   0x08007c48   0x00000026   Code   RO         5134    i.dmp_set_tap_time  inv_mpu_dmp_motion_driver.o
    0x08007c6e   0x08007c6e   0x00000026   Code   RO         5135    i.dmp_set_tap_time_multi  inv_mpu_dmp_motion_driver.o
    0x08007c94   0x08007c94   0x0000004a   Code   RO         9605    i.exf_getfree       exfuns.o
    0x08007cde   0x08007cde   0x00000002   PAD
    0x08007ce0   0x08007ce0   0x00000084   Code   RO         9606    i.exfuns_init       exfuns.o
    0x08007d64   0x08007d64   0x00000024   Code   RO         9278    i.f_close           ff.o
    0x08007d88   0x08007d88   0x00000102   Code   RO         9280    i.f_getfree         ff.o
    0x08007e8a   0x08007e8a   0x00000002   PAD
    0x08007e8c   0x08007e8c   0x00000640   Code   RO         9285    i.f_mkfs            ff.o
    0x080084cc   0x080084cc   0x0000005c   Code   RO         9286    i.f_mount           ff.o
    0x08008528   0x08008528   0x00000180   Code   RO         9287    i.f_open            ff.o
    0x080086a8   0x080086a8   0x000001b0   Code   RO         9292    i.f_read            ff.o
    0x08008858   0x08008858   0x000001e8   Code   RO         9295    i.f_setlabel        ff.o
    0x08008a40   0x08008a40   0x000000b0   Code   RO         9297    i.f_sync            ff.o
    0x08008af0   0x08008af0   0x000001ea   Code   RO         9301    i.f_write           ff.o
    0x08008cda   0x08008cda   0x00000018   Code   RO        10839    i.fabs              m_wm.l(fabs.o)
    0x08008cf2   0x08008cf2   0x00000002   PAD
    0x08008cf4   0x08008cf4   0x00000098   Code   RO         9801    i.ff_convert        mycc936.o
    0x08008d8c   0x08008d8c   0x0000000e   Code   RO         9194    i.ff_memalloc       diskio.o
    0x08008d9a   0x08008d9a   0x0000000e   Code   RO         9195    i.ff_memfree        diskio.o
    0x08008da8   0x08008da8   0x00000038   Code   RO         9802    i.ff_wtoupper       mycc936.o
    0x08008de0   0x08008de0   0x00000028   Code   RO         8772    i.findParam_forChangeVal  hugo_ui.o
    0x08008e08   0x08008e08   0x00000388   Code   RO         9302    i.find_volume       ff.o
    0x08009190   0x08009190   0x00000080   Code   RO         9303    i.fit_lfn           ff.o
    0x08009210   0x08009210   0x00000090   Code   RO         9304    i.follow_path       ff.o
    0x080092a0   0x080092a0   0x00000024   Code   RO         5942    i.fputc             uart0.o
    0x080092c4   0x080092c4   0x000000c8   Code   RO         9305    i.gen_numname       ff.o
    0x0800938c   0x0800938c   0x000000d0   Code   RO         4766    i.get_accel_prod_shift  inv_mpu.o
    0x0800945c   0x0800945c   0x000000e8   Code   RO         9306    i.get_fat           ff.o
    0x08009544   0x08009544   0x00000004   Code   RO         9196    i.get_fattime       diskio.o
    0x08009548   0x08009548   0x0000004a   Code   RO         9308    i.get_ldnumber      ff.o
    0x08009592   0x08009592   0x00000002   PAD
    0x08009594   0x08009594   0x00000470   Code   RO         4767    i.get_st_biases     inv_mpu.o
    0x08009a04   0x08009a04   0x00000004   Code   RO         2161    i.gpio_bit_reset    gd32f30x_gpio.o
    0x08009a08   0x08009a08   0x00000004   Code   RO         2162    i.gpio_bit_set      gd32f30x_gpio.o
    0x08009a0c   0x08009a0c   0x0000000a   Code   RO         2163    i.gpio_bit_write    gd32f30x_gpio.o
    0x08009a16   0x08009a16   0x000000bc   Code   RO         2171    i.gpio_init         gd32f30x_gpio.o
    0x08009ad2   0x08009ad2   0x00000010   Code   RO         2172    i.gpio_input_bit_get  gd32f30x_gpio.o
    0x08009ae2   0x08009ae2   0x00000002   PAD
    0x08009ae4   0x08009ae4   0x00000090   Code   RO         2177    i.gpio_pin_remap_config  gd32f30x_gpio.o
    0x08009b74   0x08009b74   0x0000011c   Code   RO         4768    i.gyro_self_test    inv_mpu.o
    0x08009c90   0x08009c90   0x00000010   Code   RO         2288    i.i2c_ack_config    gd32f30x_i2c.o
    0x08009ca0   0x08009ca0   0x00000140   Code   RO         2290    i.i2c_clock_config  gd32f30x_i2c.o
    0x08009de0   0x08009de0   0x00000006   Code   RO         2292    i.i2c_data_transmit  gd32f30x_i2c.o
    0x08009de6   0x08009de6   0x00000002   PAD
    0x08009de8   0x08009de8   0x00000040   Code   RO         2293    i.i2c_deinit        gd32f30x_i2c.o
    0x08009e28   0x08009e28   0x0000000a   Code   RO         2299    i.i2c_enable        gd32f30x_i2c.o
    0x08009e32   0x08009e32   0x00000028   Code   RO         2300    i.i2c_flag_clear    gd32f30x_i2c.o
    0x08009e5a   0x08009e5a   0x0000001e   Code   RO         2301    i.i2c_flag_get      gd32f30x_i2c.o
    0x08009e78   0x08009e78   0x00000014   Code   RO         2306    i.i2c_master_addressing  gd32f30x_i2c.o
    0x08009e8c   0x08009e8c   0x0000001c   Code   RO         2307    i.i2c_mode_addr_config  gd32f30x_i2c.o
    0x08009ea8   0x08009ea8   0x0000000a   Code   RO         2316    i.i2c_start_on_bus  gd32f30x_i2c.o
    0x08009eb2   0x08009eb2   0x0000000a   Code   RO         2317    i.i2c_stop_on_bus   gd32f30x_i2c.o
    0x08009ebc   0x08009ebc   0x00000028   Code   RO         4769    i.inv_orientation_matrix_to_scalar  inv_mpu.o
    0x08009ee4   0x08009ee4   0x0000004e   Code   RO         4770    i.inv_row_2_scale   inv_mpu.o
    0x08009f32   0x08009f32   0x00000002   PAD
    0x08009f34   0x08009f34   0x00000020   Code   RO        10041    i.ir_max30102_fir   max30102_fir.o
    0x08009f54   0x08009f54   0x00000020   Code   RO         9309    i.ld_clust          ff.o
    0x08009f74   0x08009f74   0x000001f0   Code   RO          178    i.main              main.o
    0x0800a164   0x0800a164   0x00000052   Code   RO         9940    i.max30102_Bus_Read  max30102.o
    0x0800a1b6   0x0800a1b6   0x00000044   Code   RO         9941    i.max30102_Bus_Write  max30102.o
    0x0800a1fa   0x0800a1fa   0x00000080   Code   RO         9942    i.max30102_FIFO_ReadBytes  max30102.o
    0x0800a27a   0x0800a27a   0x0000004a   Code   RO         9944    i.max30102_fifo_read  max30102.o
    0x0800a2c4   0x0800a2c4   0x00000040   Code   RO        10042    i.max30102_fir_init  max30102_fir.o
    0x0800a304   0x0800a304   0x0000006c   Code   RO         9947    i.max30102_init     max30102.o
    0x0800a370   0x0800a370   0x00000014   Code   RO         9948    i.max30102_reset    max30102.o
    0x0800a384   0x0800a384   0x00000042   Code   RO        10274    i.maxim_find_peaks  algorithm.o
    0x0800a3c6   0x0800a3c6   0x00000002   PAD
    0x0800a3c8   0x0800a3c8   0x0000050c   Code   RO        10275    i.maxim_heart_rate_and_oxygen_saturation  algorithm.o
    0x0800a8d4   0x0800a8d4   0x0000007a   Code   RO        10276    i.maxim_peaks_above_min_height  algorithm.o
    0x0800a94e   0x0800a94e   0x00000072   Code   RO        10277    i.maxim_remove_close_peaks  algorithm.o
    0x0800a9c0   0x0800a9c0   0x00000036   Code   RO        10278    i.maxim_sort_ascend  algorithm.o
    0x0800a9f6   0x0800a9f6   0x00000040   Code   RO        10279    i.maxim_sort_indices_descend  algorithm.o
    0x0800aa36   0x0800aa36   0x00000026   Code   RO         9310    i.mem_cmp           ff.o
    0x0800aa5c   0x0800aa5c   0x0000001a   Code   RO         9311    i.mem_cpy           ff.o
    0x0800aa76   0x0800aa76   0x00000014   Code   RO         9312    i.mem_set           ff.o
    0x0800aa8a   0x0800aa8a   0x00000002   Code   RO         4771    i.mget_ms           inv_mpu.o
    0x0800aa8c   0x0800aa8c   0x00000032   Code   RO         9313    i.move_window       ff.o
    0x0800aabe   0x0800aabe   0x00000002   PAD
    0x0800aac0   0x0800aac0   0x00000070   Code   RO         4772    i.mpu_configure_fifo  inv_mpu.o
    0x0800ab30   0x0800ab30   0x00000218   Code   RO         4773    i.mpu_dmp_get_data  inv_mpu.o
    0x0800ad48   0x0800ad48   0x0000009c   Code   RO         4774    i.mpu_dmp_init      inv_mpu.o
    0x0800ade4   0x0800ade4   0x0000004c   Code   RO         4775    i.mpu_get_accel_fsr  inv_mpu.o
    0x0800ae30   0x0800ae30   0x00000054   Code   RO         4777    i.mpu_get_accel_sens  inv_mpu.o
    0x0800ae84   0x0800ae84   0x00000010   Code   RO         4782    i.mpu_get_fifo_config  inv_mpu.o
    0x0800ae94   0x0800ae94   0x00000044   Code   RO         4783    i.mpu_get_gyro_fsr  inv_mpu.o
    0x0800aed8   0x0800aed8   0x00000060   Code   RO         4785    i.mpu_get_gyro_sens  inv_mpu.o
    0x0800af38   0x0800af38   0x00000050   Code   RO         4787    i.mpu_get_lpf       inv_mpu.o
    0x0800af88   0x0800af88   0x00000020   Code   RO         4789    i.mpu_get_sample_rate  inv_mpu.o
    0x0800afa8   0x0800afa8   0x000001f0   Code   RO         4791    i.mpu_init          inv_mpu.o
    0x0800b198   0x0800b198   0x000000b8   Code   RO         4792    i.mpu_load_firmware  inv_mpu.o
    0x0800b250   0x0800b250   0x000000e0   Code   RO         4793    i.mpu_lp_accel_mode  inv_mpu.o
    0x0800b330   0x0800b330   0x000000c0   Code   RO         4796    i.mpu_read_fifo_stream  inv_mpu.o
    0x0800b3f0   0x0800b3f0   0x00000080   Code   RO         4797    i.mpu_read_mem      inv_mpu.o
    0x0800b470   0x0800b470   0x000001c8   Code   RO         4800    i.mpu_reset_fifo    inv_mpu.o
    0x0800b638   0x0800b638   0x0000011c   Code   RO         4801    i.mpu_run_self_test  inv_mpu.o
    0x0800b754   0x0800b754   0x00000084   Code   RO         4803    i.mpu_set_accel_fsr  inv_mpu.o
    0x0800b7d8   0x0800b7d8   0x0000014c   Code   RO         4804    i.mpu_set_bypass    inv_mpu.o
    0x0800b924   0x0800b924   0x00000090   Code   RO         4806    i.mpu_set_dmp_state  inv_mpu.o
    0x0800b9b4   0x0800b9b4   0x00000088   Code   RO         4807    i.mpu_set_gyro_fsr  inv_mpu.o
    0x0800ba3c   0x0800ba3c   0x0000006c   Code   RO         4808    i.mpu_set_int_latched  inv_mpu.o
    0x0800baa8   0x0800baa8   0x00000084   Code   RO         4810    i.mpu_set_lpf       inv_mpu.o
    0x0800bb2c   0x0800bb2c   0x0000009c   Code   RO         4811    i.mpu_set_sample_rate  inv_mpu.o
    0x0800bbc8   0x0800bbc8   0x000000d0   Code   RO         4812    i.mpu_set_sensors   inv_mpu.o
    0x0800bc98   0x0800bc98   0x00000080   Code   RO         4813    i.mpu_write_mem     inv_mpu.o
    0x0800bd18   0x0800bd18   0x0000006c   Code   RO         9109    i.my_mem_free       malloc.o
    0x0800bd84   0x0800bd84   0x00000044   Code   RO         9110    i.my_mem_init       malloc.o
    0x0800bdc8   0x0800bdc8   0x000000a8   Code   RO         9111    i.my_mem_malloc     malloc.o
    0x0800be70   0x0800be70   0x00000040   Code   RO         9112    i.my_mem_perused    malloc.o
    0x0800beb0   0x0800beb0   0x00000024   Code   RO         9113    i.myfree            malloc.o
    0x0800bed4   0x0800bed4   0x00000028   Code   RO         9114    i.mymalloc          malloc.o
    0x0800befc   0x0800befc   0x00000014   Code   RO         9116    i.mymemset          malloc.o
    0x0800bf10   0x0800bf10   0x000000c4   Code   RO         2489    i.nvic_irq_enable   gd32f30x_misc.o
    0x0800bfd4   0x0800bfd4   0x00000014   Code   RO         2490    i.nvic_priority_group_set  gd32f30x_misc.o
    0x0800bfe8   0x0800bfe8   0x0000001c   Code   RO         6647    i.pg_AddPolygonXY   u8g2_polygon.o
    0x0800c004   0x0800c004   0x00000006   Code   RO         6648    i.pg_ClearPolygonXY  u8g2_polygon.o
    0x0800c00a   0x0800c00a   0x0000001c   Code   RO         6649    i.pg_DrawPolygon    u8g2_polygon.o
    0x0800c026   0x0800c026   0x00000016   Code   RO         6650    i.pg_dec            u8g2_polygon.o
    0x0800c03c   0x0800c03c   0x0000006e   Code   RO         6651    i.pg_exec           u8g2_polygon.o
    0x0800c0aa   0x0800c0aa   0x00000054   Code   RO         6652    i.pg_expand_min_y   u8g2_polygon.o
    0x0800c0fe   0x0800c0fe   0x0000009a   Code   RO         6653    i.pg_hline          u8g2_polygon.o
    0x0800c198   0x0800c198   0x00000012   Code   RO         6654    i.pg_inc            u8g2_polygon.o
    0x0800c1aa   0x0800c1aa   0x0000004e   Code   RO         6655    i.pg_line_init      u8g2_polygon.o
    0x0800c1f8   0x0800c1f8   0x000000c0   Code   RO         6656    i.pg_prepare        u8g2_polygon.o
    0x0800c2b8   0x0800c2b8   0x0000005a   Code   RO         6657    i.pge_Init          u8g2_polygon.o
    0x0800c312   0x0800c312   0x0000004e   Code   RO         6658    i.pge_Next          u8g2_polygon.o
    0x0800c360   0x0800c360   0x00000074   Code   RO         9314    i.pick_lfn          ff.o
    0x0800c3d4   0x0800c3d4   0x00000136   Code   RO         9315    i.put_fat           ff.o
    0x0800c50a   0x0800c50a   0x00000002   PAD
    0x0800c50c   0x0800c50c   0x00000158   Code   RO         2688    i.rcu_clock_freq_get  gd32f30x_rcu.o
    0x0800c664   0x0800c664   0x00000020   Code   RO         2706    i.rcu_periph_clock_enable  gd32f30x_rcu.o
    0x0800c684   0x0800c684   0x00000020   Code   RO         2709    i.rcu_periph_reset_disable  gd32f30x_rcu.o
    0x0800c6a4   0x0800c6a4   0x00000020   Code   RO         2710    i.rcu_periph_reset_enable  gd32f30x_rcu.o
    0x0800c6c4   0x0800c6c4   0x0000006c   Code   RO         9317    i.remove_chain      ff.o
    0x0800c730   0x0800c730   0x0000009a   Code   RO         4814    i.run_self_test     inv_mpu.o
    0x0800c7ca   0x0800c7ca   0x00000002   PAD
    0x0800c7cc   0x0800c7cc   0x00000090   Code   RO         4815    i.set_int_enable    inv_mpu.o
    0x0800c85c   0x0800c85c   0x0000000a   Code   RO         3324    i.spi_enable        gd32f30x_spi.o
    0x0800c866   0x0800c866   0x00000008   Code   RO         3326    i.spi_i2s_data_receive  gd32f30x_spi.o
    0x0800c86e   0x0800c86e   0x00000004   Code   RO         3327    i.spi_i2s_data_transmit  gd32f30x_spi.o
    0x0800c872   0x0800c872   0x00000010   Code   RO         3329    i.spi_i2s_flag_get  gd32f30x_spi.o
    0x0800c882   0x0800c882   0x00000032   Code   RO         3333    i.spi_init          gd32f30x_spi.o
    0x0800c8b4   0x0800c8b4   0x0000006e   Code   RO        10498    i.sqrt              m_wm.l(sqrt.o)
    0x0800c922   0x0800c922   0x00000010   Code   RO         9318    i.st_clust          ff.o
    0x0800c932   0x0800c932   0x00000020   Code   RO         9319    i.sum_sfn           ff.o
    0x0800c952   0x0800c952   0x000000c8   Code   RO         9320    i.sync_fs           ff.o
    0x0800ca1a   0x0800ca1a   0x0000004c   Code   RO         9321    i.sync_window       ff.o
    0x0800ca66   0x0800ca66   0x00000002   PAD
    0x0800ca68   0x0800ca68   0x00000114   Code   RO          439    i.system_clock_120m_hxtal  system_gd32f30x.o
    0x0800cb7c   0x0800cb7c   0x00000008   Code   RO          440    i.system_clock_config  system_gd32f30x.o
    0x0800cb84   0x0800cb84   0x00000050   Code   RO          397    i.systick_config    systick.o
    0x0800cbd4   0x0800cbd4   0x0000005a   Code   RO         3578    i.timer_channel_input_capture_prescaler_config  gd32f30x_timer.o
    0x0800cc2e   0x0800cc2e   0x00000010   Code   RO         3579    i.timer_channel_input_struct_para_init  gd32f30x_timer.o
    0x0800cc3e   0x0800cc3e   0x00000002   PAD
    0x0800cc40   0x0800cc40   0x000001ec   Code   RO         3581    i.timer_channel_output_config  gd32f30x_timer.o
    0x0800ce2c   0x0800ce2c   0x0000005a   Code   RO         3583    i.timer_channel_output_mode_config  gd32f30x_timer.o
    0x0800ce86   0x0800ce86   0x00000026   Code   RO         3585    i.timer_channel_output_pulse_value_config  gd32f30x_timer.o
    0x0800ceac   0x0800ceac   0x00000010   Code   RO         3588    i.timer_channel_output_struct_para_init  gd32f30x_timer.o
    0x0800cebc   0x0800cebc   0x00000008   Code   RO         3591    i.timer_counter_read  gd32f30x_timer.o
    0x0800cec4   0x0800cec4   0x00000004   Code   RO         3593    i.timer_counter_value_config  gd32f30x_timer.o
    0x0800cec8   0x0800cec8   0x000000dc   Code   RO         3594    i.timer_deinit      gd32f30x_timer.o
    0x0800cfa4   0x0800cfa4   0x0000000a   Code   RO         3595    i.timer_disable     gd32f30x_timer.o
    0x0800cfae   0x0800cfae   0x0000000a   Code   RO         3599    i.timer_enable      gd32f30x_timer.o
    0x0800cfb8   0x0800cfb8   0x00000006   Code   RO         3606    i.timer_flag_clear  gd32f30x_timer.o
    0x0800cfbe   0x0800cfbe   0x00000002   PAD
    0x0800cfc0   0x0800cfc0   0x00000098   Code   RO         3609    i.timer_init        gd32f30x_timer.o
    0x0800d058   0x0800d058   0x00000146   Code   RO         3610    i.timer_input_capture_config  gd32f30x_timer.o
    0x0800d19e   0x0800d19e   0x00000008   Code   RO         3616    i.timer_interrupt_enable  gd32f30x_timer.o
    0x0800d1a6   0x0800d1a6   0x00000006   Code   RO         3617    i.timer_interrupt_flag_clear  gd32f30x_timer.o
    0x0800d1ac   0x0800d1ac   0x00000018   Code   RO         3618    i.timer_interrupt_flag_get  gd32f30x_timer.o
    0x0800d1c4   0x0800d1c4   0x00000018   Code   RO         3624    i.timer_primary_output_config  gd32f30x_timer.o
    0x0800d1dc   0x0800d1dc   0x00000040   Code   RO         3625    i.timer_quadrature_decoder_mode_config  gd32f30x_timer.o
    0x0800d21c   0x0800d21c   0x00000016   Code   RO         3629    i.timer_struct_para_init  gd32f30x_timer.o
    0x0800d232   0x0800d232   0x00000002   PAD
    0x0800d234   0x0800d234   0x00000034   Code   RO         6519    i.u8g2Init          u8g2_init.o
    0x0800d268   0x0800d268   0x00000018   Code   RO         6659    i.u8g2_AddPolygonXY  u8g2_polygon.o
    0x0800d280   0x0800d280   0x0000001c   Code   RO         8659    i.u8g2_ClearBuffer  u8g2_buffer.o
    0x0800d29c   0x0800d29c   0x00000010   Code   RO         6660    i.u8g2_ClearPolygonXY  u8g2_polygon.o
    0x0800d2ac   0x0800d2ac   0x0000004a   Code   RO         8629    i.u8g2_DrawBox      u8g2_box.o
    0x0800d2f6   0x0800d2f6   0x00000046   Code   RO         6004    i.u8g2_DrawDisc     u8g2_circle.o
    0x0800d33c   0x0800d33c   0x0000008a   Code   RO         8630    i.u8g2_DrawFrame    u8g2_box.o
    0x0800d3c6   0x0800d3c6   0x00000062   Code   RO         6130    i.u8g2_DrawGlyph    u8g2_font.o
    0x0800d428   0x0800d428   0x0000001c   Code   RO         6467    i.u8g2_DrawHLine    u8g2_hvline.o
    0x0800d444   0x0800d444   0x000000dc   Code   RO         6468    i.u8g2_DrawHVLine   u8g2_hvline.o
    0x0800d520   0x0800d520   0x0000009a   Code   RO         8583    i.u8g2_DrawHXBMP    u8g2_bitmap.o
    0x0800d5ba   0x0800d5ba   0x000000d8   Code   RO         6599    i.u8g2_DrawLine     u8g2_line.o
    0x0800d692   0x0800d692   0x00000044   Code   RO         6469    i.u8g2_DrawPixel    u8g2_hvline.o
    0x0800d6d6   0x0800d6d6   0x00000002   PAD
    0x0800d6d8   0x0800d6d8   0x00000014   Code   RO         6661    i.u8g2_DrawPolygon  u8g2_polygon.o
    0x0800d6ec   0x0800d6ec   0x0000013e   Code   RO         8631    i.u8g2_DrawRBox     u8g2_box.o
    0x0800d82a   0x0800d82a   0x00000002   PAD
    0x0800d82c   0x0800d82c   0x00000024   Code   RO         6132    i.u8g2_DrawStr      u8g2_font.o
    0x0800d850   0x0800d850   0x00000040   Code   RO         6662    i.u8g2_DrawTriangle  u8g2_polygon.o
    0x0800d890   0x0800d890   0x00000024   Code   RO         6134    i.u8g2_DrawUTF8     u8g2_font.o
    0x0800d8b4   0x0800d8b4   0x0000001c   Code   RO         6470    i.u8g2_DrawVLine    u8g2_hvline.o
    0x0800d8d0   0x0800d8d0   0x00000058   Code   RO         8586    i.u8g2_DrawXBMP     u8g2_bitmap.o
    0x0800d928   0x0800d928   0x00000048   Code   RO         6143    i.u8g2_GetGlyphWidth  u8g2_font.o
    0x0800d970   0x0800d970   0x00000018   Code   RO         6146    i.u8g2_GetUTF8Width  u8g2_font.o
    0x0800d988   0x0800d988   0x0000003a   Code   RO         6563    i.u8g2_IsIntersection  u8g2_intersection.o
    0x0800d9c2   0x0800d9c2   0x00000012   Code   RO         8662    i.u8g2_SendBuffer   u8g2_buffer.o
    0x0800d9d4   0x0800d9d4   0x0000001e   Code   RO         6775    i.u8g2_SendF        u8g2_setup.o
    0x0800d9f2   0x0800d9f2   0x00000010   Code   RO         6471    i.u8g2_SetDrawColor  u8g2_hvline.o
    0x0800da02   0x0800da02   0x00000020   Code   RO         6149    i.u8g2_SetFont      u8g2_font.o
    0x0800da22   0x0800da22   0x00000002   PAD
    0x0800da24   0x0800da24   0x0000000c   Code   RO         6152    i.u8g2_SetFontPosBaseline  u8g2_font.o
    0x0800da30   0x0800da30   0x00000020   Code   RO         6778    i.u8g2_SetMaxClipWindow  u8g2_setup.o
    0x0800da50   0x0800da50   0x00000058   Code   RO         6779    i.u8g2_SetupBuffer  u8g2_setup.o
    0x0800daa8   0x0800daa8   0x00000044   Code   RO         6106    i.u8g2_Setup_ssd1306_i2c_128x64_noname_f  u8g2_d_setup.o
    0x0800daec   0x0800daec   0x00000088   Code   RO         6159    i.u8g2_UpdateRefHeight  u8g2_font.o
    0x0800db74   0x0800db74   0x0000002a   Code   RO         6160    i.u8g2_add_vector_x  u8g2_font.o
    0x0800db9e   0x0800db9e   0x0000002a   Code   RO         6161    i.u8g2_add_vector_y  u8g2_font.o
    0x0800dbc8   0x0800dbc8   0x0000007a   Code   RO         6781    i.u8g2_apply_clip_window  u8g2_setup.o
    0x0800dc42   0x0800dc42   0x0000004c   Code   RO         6472    i.u8g2_clip_intersection2  u8g2_hvline.o
    0x0800dc8e   0x0800dc8e   0x00000080   Code   RO         6009    i.u8g2_draw_disc    u8g2_circle.o
    0x0800dd0e   0x0800dd0e   0x000000b4   Code   RO         6010    i.u8g2_draw_disc_section  u8g2_circle.o
    0x0800ddc2   0x0800ddc2   0x0000002c   Code   RO         6473    i.u8g2_draw_hv_line_2dir  u8g2_hvline.o
    0x0800ddee   0x0800ddee   0x0000003c   Code   RO         6782    i.u8g2_draw_l90_mirrorr_r0  u8g2_setup.o
    0x0800de2a   0x0800de2a   0x00000024   Code   RO         6783    i.u8g2_draw_l90_r0  u8g2_setup.o
    0x0800de4e   0x0800de4e   0x00000044   Code   RO         6784    i.u8g2_draw_l90_r1  u8g2_setup.o
    0x0800de92   0x0800de92   0x00000056   Code   RO         6785    i.u8g2_draw_l90_r2  u8g2_setup.o
    0x0800dee8   0x0800dee8   0x00000050   Code   RO         6786    i.u8g2_draw_l90_r3  u8g2_setup.o
    0x0800df38   0x0800df38   0x0000003c   Code   RO         6787    i.u8g2_draw_mirror_vertical_r0  u8g2_setup.o
    0x0800df74   0x0800df74   0x00000090   Code   RO         6162    i.u8g2_draw_string  u8g2_font.o
    0x0800e004   0x0800e004   0x00000006   Code   RO         6169    i.u8g2_font_calc_vref_font  u8g2_font.o
    0x0800e00a   0x0800e00a   0x00000024   Code   RO         6171    i.u8g2_font_decode_get_signed_bits  u8g2_font.o
    0x0800e02e   0x0800e02e   0x00000042   Code   RO         6172    i.u8g2_font_decode_get_unsigned_bits  u8g2_font.o
    0x0800e070   0x0800e070   0x00000182   Code   RO         6173    i.u8g2_font_decode_glyph  u8g2_font.o
    0x0800e1f2   0x0800e1f2   0x000000b0   Code   RO         6174    i.u8g2_font_decode_len  u8g2_font.o
    0x0800e2a2   0x0800e2a2   0x0000003a   Code   RO         6175    i.u8g2_font_draw_glyph  u8g2_font.o
    0x0800e2dc   0x0800e2dc   0x00000008   Code   RO         6176    i.u8g2_font_get_byte  u8g2_font.o
    0x0800e2e4   0x0800e2e4   0x00000092   Code   RO         6177    i.u8g2_font_get_glyph_data  u8g2_font.o
    0x0800e376   0x0800e376   0x00000018   Code   RO         6178    i.u8g2_font_get_word  u8g2_font.o
    0x0800e38e   0x0800e38e   0x00000040   Code   RO         6179    i.u8g2_font_setup_decode  u8g2_font.o
    0x0800e3ce   0x0800e3ce   0x00000030   Code   RO         6564    i.u8g2_is_intersection_decision_tree  u8g2_intersection.o
    0x0800e3fe   0x0800e3fe   0x000000ee   Code   RO         6612    i.u8g2_ll_hvline_vertical_top_lsb  u8g2_ll_hvline.o
    0x0800e4ec   0x0800e4ec   0x00000010   Code   RO         6086    i.u8g2_m_16_8_f     u8g2_d_memory.o
    0x0800e4fc   0x0800e4fc   0x000000e0   Code   RO         6181    i.u8g2_read_font_info  u8g2_font.o
    0x0800e5dc   0x0800e5dc   0x00000036   Code   RO         8670    i.u8g2_send_buffer  u8g2_buffer.o
    0x0800e612   0x0800e612   0x00000036   Code   RO         8671    i.u8g2_send_tile_row  u8g2_buffer.o
    0x0800e648   0x0800e648   0x0000008a   Code   RO         6182    i.u8g2_string_width  u8g2_font.o
    0x0800e6d2   0x0800e6d2   0x00000060   Code   RO         6788    i.u8g2_update_dimension_common  u8g2_setup.o
    0x0800e732   0x0800e732   0x0000000c   Code   RO         6789    i.u8g2_update_dimension_r0  u8g2_setup.o
    0x0800e73e   0x0800e73e   0x0000001c   Code   RO         6790    i.u8g2_update_dimension_r1  u8g2_setup.o
    0x0800e75a   0x0800e75a   0x0000000c   Code   RO         6791    i.u8g2_update_dimension_r2  u8g2_setup.o
    0x0800e766   0x0800e766   0x0000001c   Code   RO         6792    i.u8g2_update_dimension_r3  u8g2_setup.o
    0x0800e782   0x0800e782   0x00000020   Code   RO         6793    i.u8g2_update_page_win_r0  u8g2_setup.o
    0x0800e7a2   0x0800e7a2   0x00000020   Code   RO         6794    i.u8g2_update_page_win_r1  u8g2_setup.o
    0x0800e7c2   0x0800e7c2   0x0000003c   Code   RO         6795    i.u8g2_update_page_win_r2  u8g2_setup.o
    0x0800e7fe   0x0800e7fe   0x0000003c   Code   RO         6796    i.u8g2_update_page_win_r3  u8g2_setup.o
    0x0800e83a   0x0800e83a   0x00000032   Code   RO         7670    i.u8x8_DrawTile     u8x8_display.o
    0x0800e86c   0x0800e86c   0x00000012   Code   RO         7672    i.u8x8_InitDisplay  u8x8_display.o
    0x0800e87e   0x0800e87e   0x00000012   Code   RO         7674    i.u8x8_RefreshDisplay  u8x8_display.o
    0x0800e890   0x0800e890   0x00000014   Code   RO         7677    i.u8x8_SetPowerSave  u8x8_display.o
    0x0800e8a4   0x0800e8a4   0x0000002a   Code   RO         7848    i.u8x8_Setup        u8x8_setup.o
    0x0800e8ce   0x0800e8ce   0x00000002   PAD
    0x0800e8d0   0x0800e8d0   0x0000002c   Code   RO         7849    i.u8x8_SetupDefaults  u8x8_setup.o
    0x0800e8fc   0x0800e8fc   0x00000012   Code   RO         7678    i.u8x8_SetupMemory  u8x8_display.o
    0x0800e90e   0x0800e90e   0x00000012   Code   RO         7080    i.u8x8_ascii_next   u8x8_8x8.o
    0x0800e920   0x0800e920   0x00000012   Code   RO         7215    i.u8x8_byte_EndTransfer  u8x8_byte.o
    0x0800e932   0x0800e932   0x00000010   Code   RO         7216    i.u8x8_byte_SendByte  u8x8_byte.o
    0x0800e942   0x0800e942   0x0000001a   Code   RO         7217    i.u8x8_byte_SendBytes  u8x8_byte.o
    0x0800e95c   0x0800e95c   0x00000012   Code   RO         7219    i.u8x8_byte_StartTransfer  u8x8_byte.o
    0x0800e96e   0x0800e96e   0x00000002   PAD
    0x0800e970   0x0800e970   0x00000114   Code   RO         6520    i.u8x8_byte_hw_i2c  u8g2_init.o
    0x0800ea84   0x0800ea84   0x00000012   Code   RO         7351    i.u8x8_cad_EndTransfer  u8x8_cad.o
    0x0800ea96   0x0800ea96   0x00000014   Code   RO         7352    i.u8x8_cad_SendArg  u8x8_cad.o
    0x0800eaaa   0x0800eaaa   0x00000014   Code   RO         7353    i.u8x8_cad_SendCmd  u8x8_cad.o
    0x0800eabe   0x0800eabe   0x0000001a   Code   RO         7354    i.u8x8_cad_SendData  u8x8_cad.o
    0x0800ead8   0x0800ead8   0x0000007c   Code   RO         7356    i.u8x8_cad_SendSequence  u8x8_cad.o
    0x0800eb54   0x0800eb54   0x00000012   Code   RO         7357    i.u8x8_cad_StartTransfer  u8x8_cad.o
    0x0800eb66   0x0800eb66   0x00000002   PAD
    0x0800eb68   0x0800eb68   0x000000d4   Code   RO         7360    i.u8x8_cad_ssd13xx_fast_i2c  u8x8_cad.o
    0x0800ec3c   0x0800ec3c   0x00000064   Code   RO         7366    i.u8x8_cad_vsendf   u8x8_cad.o
    0x0800eca0   0x0800eca0   0x00000060   Code   RO         7679    i.u8x8_d_helper_display_init  u8x8_display.o
    0x0800ed00   0x0800ed00   0x0000000c   Code   RO         7680    i.u8x8_d_helper_display_setup_memory  u8x8_display.o
    0x0800ed0c   0x0800ed0c   0x00000054   Code   RO         7594    i.u8x8_d_ssd1306_128x64_noname  u8x8_d_ssd1306_128x64_noname.o
    0x0800ed60   0x0800ed60   0x00000104   Code   RO         7596    i.u8x8_d_ssd1306_sh1106_generic  u8x8_d_ssd1306_128x64_noname.o
    0x0800ee64   0x0800ee64   0x00000008   Code   RO         7851    i.u8x8_dummy_cb     u8x8_setup.o
    0x0800ee6c   0x0800ee6c   0x000000d0   Code   RO         6521    i.u8x8_gpio_and_delay  u8g2_init.o
    0x0800ef3c   0x0800ef3c   0x0000001a   Code   RO         7770    i.u8x8_gpio_call    u8x8_gpio.o
    0x0800ef56   0x0800ef56   0x0000002e   Code   RO         7368    i.u8x8_i2c_data_transfer  u8x8_cad.o
    0x0800ef84   0x0800ef84   0x00000008   Code   RO         7089    i.u8x8_utf8_init    u8x8_8x8.o
    0x0800ef8c   0x0800ef8c   0x0000009c   Code   RO         7090    i.u8x8_utf8_next    u8x8_8x8.o
    0x0800f028   0x0800f028   0x00000090   Code   RO         4004    i.usart_baudrate_set  gd32f30x_usart.o
    0x0800f0b8   0x0800f0b8   0x0000000a   Code   RO         4007    i.usart_data_receive  gd32f30x_usart.o
    0x0800f0c2   0x0800f0c2   0x00000008   Code   RO         4008    i.usart_data_transmit  gd32f30x_usart.o
    0x0800f0ca   0x0800f0ca   0x00000002   PAD
    0x0800f0cc   0x0800f0cc   0x00000090   Code   RO         4009    i.usart_deinit      gd32f30x_usart.o
    0x0800f15c   0x0800f15c   0x0000000a   Code   RO         4013    i.usart_enable      gd32f30x_usart.o
    0x0800f166   0x0800f166   0x0000001e   Code   RO         4015    i.usart_flag_get    gd32f30x_usart.o
    0x0800f184   0x0800f184   0x0000001a   Code   RO         4021    i.usart_interrupt_disable  gd32f30x_usart.o
    0x0800f19e   0x0800f19e   0x0000001a   Code   RO         4022    i.usart_interrupt_enable  gd32f30x_usart.o
    0x0800f1b8   0x0800f1b8   0x0000001a   Code   RO         4023    i.usart_interrupt_flag_clear  gd32f30x_usart.o
    0x0800f1d2   0x0800f1d2   0x00000038   Code   RO         4024    i.usart_interrupt_flag_get  gd32f30x_usart.o
    0x0800f20a   0x0800f20a   0x00000010   Code   RO         4035    i.usart_parity_config  gd32f30x_usart.o
    0x0800f21a   0x0800f21a   0x00000010   Code   RO         4037    i.usart_receive_config  gd32f30x_usart.o
    0x0800f22a   0x0800f22a   0x00000010   Code   RO         4047    i.usart_stop_bit_set  gd32f30x_usart.o
    0x0800f23a   0x0800f23a   0x00000010   Code   RO         4051    i.usart_transmit_config  gd32f30x_usart.o
    0x0800f24a   0x0800f24a   0x00000010   Code   RO         4052    i.usart_word_length_set  gd32f30x_usart.o
    0x0800f25a   0x0800f25a   0x00000036   Code   RO         9322    i.validate          ff.o
    0x0800f290   0x0800f290   0x0000007c   Data   RO         4682    .constdata          beeper.o
    0x0800f30c   0x0800f30c   0x00000050   Data   RO         4817    .constdata          inv_mpu.o
    0x0800f35c   0x0800f35c   0x00000bf6   Data   RO         5137    .constdata          inv_mpu_dmp_motion_driver.o
    0x0800ff52   0x0800ff52   0x00000011   Data   RO         5788    .constdata          filesystem.o
    0x0800ff63   0x0800ff63   0x000046a9   Data   RO         6454    .constdata          u8g2_fonts.o
    0x0801460c   0x0801460c   0x00000048   Data   RO         6797    .constdata          u8g2_setup.o
    0x08014654   0x08014654   0x00000158   Data   RO         7598    .constdata          u8x8_d_ssd1306_128x64_noname.o
    0x080147ac   0x080147ac   0x000006fa   Data   RO         8868    .constdata          hugoui_user.o
    0x08014ea6   0x08014ea6   0x000003d8   Data   RO         9095    .constdata          hugoui_bmp.o
    0x0801527e   0x0801527e   0x00000002   PAD
    0x08015280   0x08015280   0x00000024   Data   RO         9123    .constdata          malloc.o
    0x080152a4   0x080152a4   0x0000003a   Data   RO         9324    .constdata          ff.o
    0x080152de   0x080152de   0x000003c0   Data   RO         9803    .constdata          mycc936.o
    0x0801569e   0x0801569e   0x00000002   PAD
    0x080156a0   0x080156a0   0x00000104   Data   RO        10045    .constdata          max30102_fir.o
    0x080157a4   0x080157a4   0x000000f6   Data   RO        10281    .constdata          algorithm.o
    0x0801589a   0x0801589a   0x00000002   PAD
    0x0801589c   0x0801589c   0x00000080   Data   RO        10394    .constdata          arm_cortexM4lf_math.lib(arm_common_tables.o)
    0x0801591c   0x0801591c   0x00000100   Data   RO        10395    .constdata          arm_cortexM4lf_math.lib(arm_common_tables.o)
    0x08015a1c   0x08015a1c   0x00000200   Data   RO        10396    .constdata          arm_cortexM4lf_math.lib(arm_common_tables.o)
    0x08015c1c   0x08015c1c   0x00000400   Data   RO        10397    .constdata          arm_cortexM4lf_math.lib(arm_common_tables.o)
    0x0801601c   0x0801601c   0x00000800   Data   RO        10398    .constdata          arm_cortexM4lf_math.lib(arm_common_tables.o)
    0x0801681c   0x0801681c   0x00001000   Data   RO        10399    .constdata          arm_cortexM4lf_math.lib(arm_common_tables.o)
    0x0801781c   0x0801781c   0x00002000   Data   RO        10400    .constdata          arm_cortexM4lf_math.lib(arm_common_tables.o)
    0x0801981c   0x0801981c   0x00004000   Data   RO        10401    .constdata          arm_cortexM4lf_math.lib(arm_common_tables.o)
    0x0801d81c   0x0801d81c   0x00008000   Data   RO        10402    .constdata          arm_cortexM4lf_math.lib(arm_common_tables.o)
    0x0802581c   0x0802581c   0x00000028   Data   RO        10407    .constdata          arm_cortexM4lf_math.lib(arm_common_tables.o)
    0x08025844   0x08025844   0x00000060   Data   RO        10408    .constdata          arm_cortexM4lf_math.lib(arm_common_tables.o)
    0x080258a4   0x080258a4   0x00000070   Data   RO        10409    .constdata          arm_cortexM4lf_math.lib(arm_common_tables.o)
    0x08025914   0x08025914   0x000001a0   Data   RO        10410    .constdata          arm_cortexM4lf_math.lib(arm_common_tables.o)
    0x08025ab4   0x08025ab4   0x00000370   Data   RO        10411    .constdata          arm_cortexM4lf_math.lib(arm_common_tables.o)
    0x08025e24   0x08025e24   0x00000380   Data   RO        10412    .constdata          arm_cortexM4lf_math.lib(arm_common_tables.o)
    0x080261a4   0x080261a4   0x00000e10   Data   RO        10413    .constdata          arm_cortexM4lf_math.lib(arm_common_tables.o)
    0x08026fb4   0x08026fb4   0x00001dc0   Data   RO        10414    .constdata          arm_cortexM4lf_math.lib(arm_common_tables.o)
    0x08028d74   0x08028d74   0x00001f80   Data   RO        10415    .constdata          arm_cortexM4lf_math.lib(arm_common_tables.o)
    0x0802acf4   0x0802acf4   0x00000004   PAD
    0x0802acf8   0x0802acf8   0x00000050   Data   RO        10445    .constdata          m_wm.l(asin.o)
    0x0802ad48   0x0802ad48   0x00000098   Data   RO        10812    .constdata          m_wm.l(atan.o)
    0x0802ade0   0x0802ade0   0x00000008   Data   RO        10847    .constdata          m_wm.l(qnan.o)
    0x0802ade8   0x0802ade8   0x0000004d   Data   RO         4818    .conststring        inv_mpu.o
    0x0802ae35   0x0802ae35   0x00000003   PAD
    0x0802ae38   0x0802ae38   0x00000020   Data   RO        10895    Region$$Table       anon$$obj.o


    Execution Region RW_IRAM1 (Exec base: 0x20000000, Load base: 0x0802ae58, Size: 0x000077a0, Max: 0x0000c000, ABSOLUTE, COMPRESSED[0x0000018c])

    Exec Addr    Load Addr    Size         Type   Attr      Idx    E Section Name        Object

    0x20000000   COMPRESSED   0x00000020   Data   RW          180    .data               main.o
    0x20000020   COMPRESSED   0x00000004   Data   RW          398    .data               systick.o
    0x20000024   COMPRESSED   0x00000004   Data   RW          441    .data               system_gd32f30x.o
    0x20000028   COMPRESSED   0x00000012   Data   RW         4386    .data               key.o
    0x2000003a   COMPRESSED   0x00000002   PAD
    0x2000003c   COMPRESSED   0x0000000a   Data   RW         4461    .data               random.o
    0x20000046   COMPRESSED   0x00000002   PAD
    0x20000048   COMPRESSED   0x00000140   Data   RW         4683    .data               beeper.o
    0x20000188   COMPRESSED   0x00000002   Data   RW         4735    .data               encoder.o
    0x2000018a   COMPRESSED   0x00000002   PAD
    0x2000018c   COMPRESSED   0x00000035   Data   RW         4819    .data               inv_mpu.o
    0x200001c1   COMPRESSED   0x00000001   PAD
    0x200001c2   COMPRESSED   0x00000002   Data   RW         5485    .data               w25qxx.o
    0x200001c4   COMPRESSED   0x00000001   Data   RW         5606    .data               mmc_sd.o
    0x200001c5   COMPRESSED   0x00000001   PAD
    0x200001c6   COMPRESSED   0x00000012   Data   RW         5789    .data               filesystem.o
    0x200001d8   COMPRESSED   0x00000002   Data   RW         5848    .data               timer5_delay.o
    0x200001da   COMPRESSED   0x00000001   Data   RW         5944    .data               uart0.o
    0x200001db   COMPRESSED   0x00000001   Data   RW         6523    .data               u8g2_init.o
    0x200001dc   COMPRESSED   0x00000006   Data   RW         7370    .data               u8x8_cad.o
    0x200001e2   COMPRESSED   0x00000002   PAD
    0x200001e4   COMPRESSED   0x0000004d   Data   RW         8773    .data               hugo_ui.o
    0x20000231   COMPRESSED   0x00000003   PAD
    0x20000234   COMPRESSED   0x00000135   Data   RW         8869    .data               hugoui_user.o
    0x20000369   COMPRESSED   0x00000003   PAD
    0x2000036c   COMPRESSED   0x00000024   Data   RW         9124    .data               malloc.o
    0x20000390   COMPRESSED   0x00000002   Data   RW         9197    .data               diskio.o
    0x20000392   COMPRESSED   0x00000002   Data   RW         9325    .data               ff.o
    0x20000394   COMPRESSED   0x00000014   Data   RW         9611    .data               exfuns.o
    0x200003a8   COMPRESSED   0x00000024   Data   RW         9952    .data               max30102.o
    0x200003cc   COMPRESSED   0x00000008   Data   RW        10046    .data               max30102_fir.o
    0x200003d4   COMPRESSED   0x00000004   Data   RW        10862    .data               mc_w.l(stdout.o)
    0x200003d8   COMPRESSED   0x00000004   Data   RW        10876    .data               mc_w.l(errno.o)
    0x200003dc        -       0x00001034   Zero   RW          179    .bss                main.o
    0x20001410        -       0x00000400   Zero   RW         4530    .bss                oled.o
    0x20001810        -       0x0000000c   Zero   RW         4681    .bss                beeper.o
    0x2000181c        -       0x00000010   Zero   RW         5136    .bss                inv_mpu_dmp_motion_driver.o
    0x2000182c        -       0x00001000   Zero   RW         5484    .bss                w25qxx.o
    0x2000282c        -       0x000000e0   Zero   RW         5943    .bss                uart0.o
    0x2000290c        -       0x00000600   Zero   RW         6087    .bss                u8g2_d_memory.o
    0x20002f0c        -       0x00000020   Zero   RW         6522    .bss                u8g2_init.o
    0x20002f2c        -       0x0000004c   Zero   RW         6663    .bss                u8g2_polygon.o
    0x20002f78        -       0x0000009c   Zero   RW         8867    .bss                hugoui_user.o
    0x20003014        -       0x00000014   Zero   RW         8969    .bss                oled_user.o
    0x20003028   COMPRESSED   0x00000018   PAD
    0x20003040        -       0x00002a80   Zero   RW         9122    .bss                malloc.o
    0x20005ac0        -       0x0000000c   Zero   RW         9323    .bss                ff.o
    0x20005acc        -       0x00000050   Zero   RW         9608    .bss                exfuns.o
    0x20005b1c        -       0x00000021   Zero   RW         9836    .bss                fontupd.o
    0x20005b3d   COMPRESSED   0x00000003   PAD
    0x20005b40        -       0x00000100   Zero   RW        10044    .bss                max30102_fir.o
    0x20005c40        -       0x00001760   Zero   RW        10280    .bss                algorithm.o
    0x200073a0        -       0x00000400   Zero   RW         4371    STACK               startup_gd32f30x_hd.o



  Load Region LR$$.ARM.__AT_0x10000000 (Base: 0x10000000, Size: 0x00000000, Max: 0x00000400, ABSOLUTE)

    Execution Region ER$$.ARM.__AT_0x10000000 (Exec base: 0x10000000, Load base: 0x10000000, Size: 0x00000400, Max: 0x00000400, ABSOLUTE, UNINIT)

    Exec Addr    Load Addr    Size         Type   Attr      Idx    E Section Name        Object

    0x10000000        -       0x00000400   Zero   RW         9118    .ARM.__AT_0x10000000  malloc.o



  Load Region LR$$.ARM.__AT_0x10000400 (Base: 0x10000400, Size: 0x00000000, Max: 0x00000040, ABSOLUTE)

    Execution Region ER$$.ARM.__AT_0x10000400 (Exec base: 0x10000400, Load base: 0x10000400, Size: 0x00000040, Max: 0x00000040, ABSOLUTE, UNINIT)

    Exec Addr    Load Addr    Size         Type   Attr      Idx    E Section Name        Object

    0x10000400        -       0x00000040   Zero   RW         9119    .ARM.__AT_0x10000400  malloc.o



  Load Region LR$$.ARM.__AT_0x68000000 (Base: 0x68000000, Size: 0x00000000, Max: 0x00000400, ABSOLUTE)

    Execution Region ER$$.ARM.__AT_0x68000000 (Exec base: 0x68000000, Load base: 0x68000000, Size: 0x00000400, Max: 0x00000400, ABSOLUTE, UNINIT)

    Exec Addr    Load Addr    Size         Type   Attr      Idx    E Section Name        Object

    0x68000000        -       0x00000400   Zero   RW         9120    .ARM.__AT_0x68000000  malloc.o



  Load Region LR$$.ARM.__AT_0x68000400 (Base: 0x68000400, Size: 0x00000000, Max: 0x00000040, ABSOLUTE)

    Execution Region ER$$.ARM.__AT_0x68000400 (Exec base: 0x68000400, Load base: 0x68000400, Size: 0x00000040, Max: 0x00000040, ABSOLUTE, UNINIT)

    Exec Addr    Load Addr    Size         Type   Attr      Idx    E Section Name        Object

    0x68000400        -       0x00000040   Zero   RW         9121    .ARM.__AT_0x68000400  malloc.o


==============================================================================

Image component sizes


      Code (inc. data)   RO Data    RW Data    ZI Data      Debug   Object Name

      1712         32        246          0       5984       8185   algorithm.o
       632         64        124        320         12       6052   beeper.o
       486         10          0          2          0       7532   diskio.o
       340         28          0          2          0       2189   encoder.o
       206         18          0         20         80       2636   exfuns.o
      9188        158         58          2         12      41390   ff.o
       616        128         17         18          0       5071   filesystem.o
         0          0          0          0         33       1701   fontupd.o
       366          6          0          0          0       4842   gd32f30x_gpio.o
       554         18          0          0          0       8366   gd32f30x_i2c.o
        32          0          0          0          0      75742   gd32f30x_it.o
       216         20          0          0          0       1648   gd32f30x_misc.o
       440         46          0          0          0       3404   gd32f30x_rcu.o
        88          0          0          0          0       4346   gd32f30x_spi.o
      1626         48          0          0          0      15897   gd32f30x_timer.o
       560         16          0          0          0      11196   gd32f30x_usart.o
      4544        566          0         77          0      13949   hugo_ui.o
         0          0        984          0          0        806   hugoui_bmp.o
      3640       1040       1786        309        156      13248   hugoui_user.o
      6934        320        157         53          0      35888   inv_mpu.o
      3128        138       3062          0         16      22626   inv_mpu_dmp_motion_driver.o
       554         52          0         18          0     162511   key.o
        76          8          0          0          0       1134   led.o
       496        216          0         32       4148     166163   main.o
       504         60         36         36      13056       7186   malloc.o
       972        106          0         36          0       6844   max30102.o
        96         34        260          8        256      15804   max30102_fir.o
      1316         26          0          1          0      12950   mmc_sd.o
       642         26          0          0          0       7195   mpu6050.o
       208         16        960          0          0       2167   mycc936.o
       392         18          0          0          0       6664   myiic.o
       404         20          0          0          0       7064   myiic_max30102.o
       192         22          0          0          0       2399   myspi.o
       588         28          0          0       1024       6150   oled.o
       612        132          0          0         20      12409   oled_user.o
       190          0          0          0          0       3645   queue.o
       216         32          0         10          0       1833   random.o
        36          8        304          0       1024        956   startup_gd32f30x_hd.o
       452         30          0          4          0       3163   system_gd32f30x.o
       164         24          0          4          0      29342   systick.o
       222         28          0          2          0       2637   timer5_delay.o
       242          0          0          0          0       2313   u8g2_bitmap.o
       530          0          0          0          0       2916   u8g2_box.o
       154          0          0          0          0       3301   u8g2_buffer.o
       378          0          0          0          0       2628   u8g2_circle.o
        16          6          0          0       1536       1596   u8g2_d_memory.o
        68         14          0          0          0       1265   u8g2_d_setup.o
      2006         18          0          0          0      18957   u8g2_font.o
         0          0      18089          0          0        910   u8g2_fonts.o
       480          0          0          0          0       5974   u8g2_hvline.o
       536         32          0          1         32       3180   u8g2_init.o
       106          0          0          0          0       1751   u8g2_intersection.o
       216          0          0          0          0       1136   u8g2_line.o
       238          0          0          0          0       1610   u8g2_ll_hvline.o
      1012         24          0          0         76      12555   u8g2_polygon.o
      1022          0         72          0          0     154928   u8g2_setup.o
       182          0          0          0          0       2096   u8x8_8x8.o
        78          0          0          0          0       3141   u8x8_byte.o
       584         10          0          6          0      10206   u8x8_cad.o
       344         26        344          0          0       3523   u8x8_d_ssd1306_128x64_noname.o
       232          0          0          0          0       5222   u8x8_display.o
        26          0          0          0          0        721   u8x8_gpio.o
        94          6          0          0          0       2214   u8x8_setup.o
       480         70          0          1        224       5204   uart0.o
       740         32          0          2       4096       8541   w25qxx.o

    ----------------------------------------------------------------------
     53468       3780      26540        980      31812    1000818   Object Totals
         0          0         32          0          0          0   (incl. Generated)
        64          0          9         16         27          0   (incl. Padding)

    ----------------------------------------------------------------------

      Code (inc. data)   RO Data    RW Data    ZI Data      Debug   Library Member Name

         0          0      87128          0          0       2517   arm_common_tables.o
      1322          4          0          0          0      18078   arm_fir_f32.o
        28          0          0          0          0        859   arm_fir_init_f32.o
       864         94         80          0          0        280   asin.o
       744        106        152          0          0        352   atan.o
       496         64          0          0          0        192   atan2.o
       104         16          0          0          0        496   dunder.o
        24          0          0          0          0        124   fabs.o
        48          0          0          0          0        124   fpclassify.o
       248          0          0          0          0        152   poly.o
         0          0          8          0          0          0   qnan.o
       110          0          0          0          0        148   sqrt.o
        86          0          0          0          0          0   __dczerorl2.o
         0          0          0          0          0          0   entry.o
         0          0          0          0          0          0   entry10a.o
         0          0          0          0          0          0   entry11a.o
         8          4          0          0          0          0   entry2.o
         4          0          0          0          0          0   entry5.o
         0          0          0          0          0          0   entry7b.o
         0          0          0          0          0          0   entry8b.o
         8          4          0          0          0          0   entry9a.o
        12          6          0          4          0         68   errno.o
        30          0          0          0          0          0   handlers.o
        36          8          0          0          0         68   init.o
         0          0          0          0          0          0   iusefp.o
        98          0          0          0          0         84   ldiv.o
        30          0          0          0          0         68   llshl.o
        36          0          0          0          0         68   llsshr.o
        32          0          0          0          0         68   llushr.o
        26          0          0          0          0         80   memcmp.o
        36          0          0          0          0        108   memseta.o
      2308         96          0          0          0        604   printfa.o
         0          0          0          4          0          0   stdout.o
        44          0          0          0          0         80   uidiv.o
        98          0          0          0          0         92   uldiv.o
        48          0          0          0          0         68   cdrcmple.o
        56          0          0          0          0         88   d2f.o
       334          0          0          0          0        148   dadd.o
       222          0          0          0          0        100   ddiv.o
       186          0          0          0          0        176   depilogue.o
        48          0          0          0          0         68   dfixul.o
       228          0          0          0          0         96   dmul.o
       162          0          0          0          0        100   dsqrt.o
        38          0          0          0          0         68   f2d.o
       110          0          0          0          0        168   fepilogue.o

    ----------------------------------------------------------------------
      8324        402      87372          8          0      25790   Library Totals
        12          0          4          0          0          0   (incl. Padding)

    ----------------------------------------------------------------------

      Code (inc. data)   RO Data    RW Data    ZI Data      Debug   Library Name

      1350          4      87128          0          0      21454   arm_cortexM4lf_math.lib
      2638        280        240          0          0       1868   m_wm.l
      2892        118          0          8          0       1388   mc_w.l
      1432          0          0          0          0       1080   mf_w.l

    ----------------------------------------------------------------------
      8324        402      87372          8          0      25790   Library Totals

    ----------------------------------------------------------------------

==============================================================================


      Code (inc. data)   RO Data    RW Data    ZI Data      Debug   

     61792       4182     113912        988      31812     978944   Grand Totals
     61792       4182     113912        396      31812     978944   ELF Image Totals (compressed)
     61792       4182     113912        396          0          0   ROM Totals

==============================================================================

    Total RO  Size (Code + RO Data)               175704 ( 171.59kB)
    Total RW  Size (RW Data + ZI Data)             32800 (  32.03kB)
    Total ROM Size (Code + RO Data + RW Data)     176100 ( 171.97kB)

==============================================================================

