<html>
<body>
<pre>
<h1>µVision Build Log</h1>
<h2>Tool Versions:</h2>
IDE-Version: ¦ÌVision V5.24.2.0
Copyright (C) 2017 ARM Ltd and ARM Germany GmbH. All rights reserved.
License Information: A Admin, A, LIC=8VRJ7-EH91K-BSIYX-HEVS6-6GJ98-2F7FM
 
Tool Versions:
Toolchain:       MDK-ARM Plus  Version: 5.24.1
Toolchain Path:  D:\Programs\Keil5\ARM\ARMCC\Bin
C Compiler:      Armcc.exe V5.06 update 5 (build 528)
Assembler:       Armasm.exe V5.06 update 5 (build 528)
Linker/Locator:  ArmLink.exe V5.06 update 5 (build 528)
Library Manager: ArmAr.exe V5.06 update 5 (build 528)
Hex Converter:   FromElf.exe V5.06 update 5 (build 528)
CPU DLL:         SARMCM3.DLL V5.24.1
Dialog DLL:      DCM.DLL V1.16.0.0
Target DLL:      CMSIS_AGDI.dll V1.28.3.0
Dialog DLL:      TCM.DLL V1.32.0.0
 
<h2>Project:</h2>
C:\Users\11846\Desktop\Git_Code\MyProjects_Develop\Little-Emma\2.Firmware\Project\Template\Keil_project\Project.uvprojx
Project File Date:  11/01/2024

<h2>Output:</h2>
*** Using Compiler 'V5.06 update 5 (build 528)', folder: 'D:\Programs\Keil5\ARM\ARMCC\Bin'
Rebuild target 'GD32F30X_HD'
compiling gd32f30x_dbg.c...
compiling systick.c...
compiling gd32f30x_it.c...
compiling gd32f30x_ctc.c...
compiling gd32f30x_crc.c...
compiling gd32f30x_bkp.c...
compiling system_gd32f30x.c...
compiling gd32f30x_can.c...
compiling gd32f30x_dma.c...
compiling gd32f30x_adc.c...
compiling gd32f30x_dac.c...
compiling main.c...
compiling gd32f30x_enet.c...
compiling gd32f30x_exmc.c...
compiling gd32f30x_exti.c...
compiling gd32f30x_misc.c...
compiling gd32f30x_fmc.c...
compiling gd32f30x_fwdgt.c...
compiling gd32f30x_gpio.c...
compiling gd32f30x_i2c.c...
compiling gd32f30x_pmu.c...
compiling gd32f30x_sdio.c...
compiling gd32f30x_rtc.c...
compiling gd32f30x_rcu.c...
compiling gd32f30x_spi.c...
assembling startup_gd32f30x_hd.s...
compiling gd32f30x_usart.c...
compiling gd32f30x_timer.c...
compiling gd32f30x_wwdgt.c...
compiling myiic.c...
compiling BEEPER.c...
compiling Key.c...
compiling mpu6050.c...
compiling w25qxx.c...
compiling Random.c...
compiling inv_mpu_dmp_motion_driver.c...
compiling Encoder.c...
compiling inv_mpu.c...
compiling oled.c...
compiling led.c...
compiling MMC_SD.C...
compiling Queue.c...
compiling u8g2_cleardisplay.c...
compiling u8g2_d_memory.c...
compiling u8g2_d_setup.c...
compiling u8g2_circle.c...
compiling u8g2_hvline.c...
compiling TIMER5_Delay.c...
compiling MySPI.c...
compiling UART0.c...
compiling u8g2_font.c...
compiling FileSystem.c...
compiling sys.c...
compiling u8g2_fonts.c...
compiling u8g2_input_value.c...
compiling u8g2_kerning.c...
compiling u8g2_intersection.c...
compiling u8g2_line.c...
compiling u8g2_ll_hvline.c...
compiling u8g2_message.c...
compiling u8g2_polygon.c...
compiling u8log.c...
compiling u8g2_selection_list.c...
compiling u8log_u8g2.c...
compiling u8g2_setup.c...
compiling u8log_u8x8.c...
compiling u8g2_Init.c...
compiling u8x8_d_a2printer.c...
compiling u8x8_capture.c...
compiling u8x8_8x8.c...
compiling u8x8_d_ssd1306_128x32.c...
compiling u8x8_cad.c...
compiling u8x8_byte.c...
compiling u8x8_d_ssd1306_128x64_noname.c...
compiling u8x8_debounce.c...
compiling u8x8_display.c...
compiling u8x8_gpio.c...
compiling u8x8_input_value.c...
compiling u8x8_message.c...
compiling u8x8_fonts.c...
compiling u8x8_selection_list.c...
compiling u8x8_u16toa.c...
compiling u8x8_setup.c...
compiling u8x8_string.c...
compiling u8x8_u8toa.c...
compiling mui.c...
compiling u8g2_box.c...
compiling u8g2_bitmap.c...
compiling u8g2_buffer.c...
compiling u8g2_button.c...
compiling HugoUI_BMP.c...
compiling mui_u8g2.c...
compiling malloc.c...
compiling OLED_User.c...
compiling ff.c...
compiling Hugo_UI.c...
compiling HugoUI_User.c...
compiling exfuns.c...
compiling mycc936.c...
compiling diskio.c...
compiling max30102.c...
compiling fontupd.c...
compiling fattester.c...
compiling text.c...
compiling max30102_fir.c...
compiling myiic_max30102.c...
compiling max3010x.c...
compiling algorithm.c...
linking...
Program Size: Code=61792 RO-data=113912 RW-data=988 ZI-data=31812  
FromELF: creating hex file...
".\output\Project.axf" - 0 Error(s), 0 Warning(s).

<h2>Software Packages used:</h2>

Package Vendor: ARM
                http://www.keil.com/pack/ARM.CMSIS.5.6.0.pack
                ARM.CMSIS.5.6.0
                CMSIS (Cortex Microcontroller Software Interface Standard)
   * Component: DSP Variant: Library Version: 1.7.0
   * Component: CORE Version: 5.3.0

Package Vendor: GigaDevice
                http://gd32mcu.com/data/documents/pack/GigaDevice.GD32F30x_DFP.2.2.0.pack
                GigaDevice.GD32F30x_DFP.2.2.0
                GigaDevice GD32F30x Series Device Support and Examples

<h2>Collection of Component include folders:</h2>
  .\RTE\_GD32F30X_HD
  D:\Programs\Keil5\ARM\PACK\ARM\CMSIS\5.6.0\CMSIS\Core\Include
  D:\Programs\Keil5\ARM\PACK\ARM\CMSIS\5.6.0\CMSIS\DSP\Include
  D:\Programs\Keil5\ARM\PACK\GigaDevice\GD32F30x_DFP\2.2.0\Device\Include

<h2>Collection of Component Files used:</h2>

   * Component: ARM::CMSIS:DSP:Library:1.7.0
      Include file:  CMSIS\DSP\Include\arm_math.h
      Library file:  CMSIS\DSP\Lib\ARM\arm_cortexM4lf_math.lib

   * Component: ARM::CMSIS:CORE:5.3.0
Build Time Elapsed:  00:00:05
</pre>
</body>
</html>
